=== INIT 2026-01-01 ===
Traceback (most recent call last):
  File "/home/raj.ayush/s2s/s2s_anlysis/paper/code/compute/06_compute_probabilistic.py", line 223, in <module>
    f = fuxi_member_day(init_str, mem, day, v)
        ^^^^^^^^^^^^^^^^^^^^^^^^^^^^^^^^^^^^^^
  File "/home/raj.ayush/s2s/s2s_anlysis/paper/code/compute/06_compute_probabilistic.py", line 184, in fuxi_member_day
    da = xr.open_dataset(p)['__xarray_dataarray_variable__']
         ^^^^^^^^^^^^^^^^^^
  File "/home/raj.ayush/.conda/envs/s2s-hind/lib/python3.11/site-packages/xarray/backends/api.py", line 607, in open_dataset
    backend_ds = backend.open_dataset(
                 ^^^^^^^^^^^^^^^^^^^^^
  File "/home/raj.ayush/.conda/envs/s2s-hind/lib/python3.11/site-packages/xarray/backends/netCDF4_.py", line 771, in open_dataset
    store = NetCDF4DataStore.open(
            ^^^^^^^^^^^^^^^^^^^^^^
  File "/home/raj.ayush/.conda/envs/s2s-hind/lib/python3.11/site-packages/xarray/backends/netCDF4_.py", line 526, in open
    manager = CachingFileManager(
              ^^^^^^^^^^^^^^^^^^^
  File "/home/raj.ayush/.conda/envs/s2s-hind/lib/python3.11/site-packages/xarray/backends/file_manager.py", line 154, in __init__
    manager_id = str(uuid.uuid4())
                     ^^^^^^^^^^^^
  File "/home/raj.ayush/.conda/envs/s2s-hind/lib/python3.11/uuid.py", line 723, in uuid4
    return UUID(bytes=os.urandom(16), version=4)
           ^^^^^^^^^^^^^^^^^^^^^^^^^^^^^^^^^^^^^
  File "/home/raj.ayush/.conda/envs/s2s-hind/lib/python3.11/uuid.py", line 189, in __init__
    int = int_.from_bytes(bytes)  # big endian
          ^^^^^^^^^^^^^^^^^^^^^^
KeyboardInterrupt
=== INIT 2026-01-01 ===
  loaded; computing weekly mu/sig
=== INIT 2026-01-08 ===
  loaded; computing weekly mu/sig
=== INIT 2026-01-15 ===
  loaded; computing weekly mu/sig
=== INIT 2026-01-22 ===
  loaded; computing weekly mu/sig
=== INIT 2026-01-29 ===
  loaded; computing weekly mu/sig
=== INIT 2026-02-05 ===
  loaded; computing weekly mu/sig
=== INIT 2026-02-12 ===
  loaded; computing weekly mu/sig
=== INIT 2026-02-19 ===
  loaded; computing weekly mu/sig
=== INIT 2026-02-26 ===
  loaded; computing weekly mu/sig
=== INIT 2026-03-05 ===
  loaded; computing weekly mu/sig
=== INIT 2026-03-12 ===
  loaded; computing weekly mu/sig
=== INIT 2026-03-19 ===
  loaded; computing weekly mu/sig
=== INIT 2026-03-26 ===
  loaded; computing weekly mu/sig
WROTE prob_skill.csv, reliability.npz, prob_daily_regional.npz, prob_fields.nc
PROB_FIELDS_DONE
