host: gpu1   start: Wed 17 Jun 2026 04:55:26 AM IST

Unified S2S verification — season=JFM2026
  inits=13  vars=['TP', 'Z500', 'T2M']  workers=13
  out_dir=/home/raj.ayush/s2s/s2s_anlysis/paper/code/presentation

=== INIT 2026-02-12 (pid 920705) ===
=== INIT 2026-03-26 (pid 920711) ===
=== INIT 2026-01-01 (pid 920699) ===
=== INIT 2026-03-05 (pid 920708) ===
=== INIT 2026-03-12 (pid 920709) ===
=== INIT 2026-01-15 (pid 920701) ===
=== INIT 2026-02-26 (pid 920707) ===
=== INIT 2026-01-22 (pid 920702) ===
=== INIT 2026-02-05 (pid 920704) ===
=== INIT 2026-03-19 (pid 920710) ===
=== INIT 2026-01-29 (pid 920703) ===
=== INIT 2026-02-19 (pid 920706) ===
=== INIT 2026-01-08 (pid 920700) ===
WROTE skill_deterministic.csv (55920 rows)
WROTE skill_probabilistic.csv (37440 rows)
WROTE skill_brier.csv (12480 rows)
WROTE reliability.npz (32 event-model curves)
WROTE RUN_METADATA.txt

=== HEADLINE (weekly, All India) ===

T2M  PCC by week:
  SPIRE         0.74   0.55   0.41   0.31   0.24   0.23
  FuXi          0.36   0.29   0.17   0.09   0.06   0.08
  ECMWF         0.35   0.30   0.19   0.09   0.04   0.03
  NCEP          0.39   0.35   0.28   0.25   0.25   0.24
  MME           0.46   0.40   0.28   0.20   0.16   0.16
  Persistence   0.58   0.45   0.28   0.12  -0.05   0.09
T2M  CRPSS-vs-clim by week:
  SPIRE         0.64   0.43   0.39   0.30   0.22   0.19
  FuXi         -2.22  -2.13  -2.21  -1.99  -1.68  -1.50
  ECMWF        -2.41  -2.20  -2.37  -2.44  -2.52  -2.35
  NCEP         -1.92  -1.71  -2.03  -2.16  -2.14  -2.05

TP  PCC by week:
  SPIRE         0.84   0.69   0.56   0.43   0.41   0.36
  FuXi          0.79   0.67   0.48   0.40   0.38   0.35
  ECMWF         0.81   0.64   0.50   0.37   0.37   0.31
  NCEP          0.75   0.55   0.45   0.34   0.40   0.33
  MME           0.82   0.67   0.51   0.40   0.40   0.35
  Persistence   0.49   0.41   0.36   0.17   0.30   0.27
TP  CRPSS-vs-clim by week:
  SPIRE         0.64   0.39   0.17   0.06   0.04   0.01
  FuXi          0.46   0.32   0.18   0.18   0.14   0.11
  ECMWF         0.62   0.43   0.26   0.12   0.11   0.06
  NCEP          0.47   0.29   0.21   0.01   0.10  -0.04

Z500  PCC by week:
  SPIRE         0.94   0.87   0.75   0.59   0.47   0.44
  FuXi          0.82   0.50   0.04   0.07  -0.28  -0.11
  ECMWF         0.94   0.84   0.77   0.50   0.32   0.15
  NCEP          0.92   0.63   0.43   0.35   0.45   0.39
  MME           0.94   0.84   0.68   0.53   0.49   0.39
  Persistence   0.49   0.44   0.38   0.12  -0.02   0.27
Z500  CRPSS-vs-clim by week:
  SPIRE         0.41   0.26   0.12   0.02   0.01  -0.03
  FuXi          0.59  -0.04  -0.74  -0.41  -0.29  -0.05
  ECMWF         0.62   0.47   0.19   0.00  -0.07  -0.05
  NCEP          0.07  -0.56  -0.53  -0.53  -0.61  -0.55

VERIFY_DONE
end: Wed 17 Jun 2026 05:25:20 AM IST
