host: gpu1   start: Wed 17 Jun 2026 01:37:20 PM IST

Unified S2S verification V3 (dual clim basis) — season=JFM2026
  models=['SPIRE', 'FuXi', 'ECMWF'] (+MME,Persistence)  vars=['TP', 'Z500']
  clim_basis: era5 (all models) + model_own (FuXi/ECMWF)
  inits=13  workers=13  out_dir=/home/raj.ayush/s2s/s2s_anlysis/paper/code/presentationv3

[2026-01-15 pid950208 +    3s] START vars=['TP', 'Z500']  grid=22x24
[2026-01-15 pid950208 +    3s] loading SPIRE (mean_stddev)...
[2026-01-08 pid950207 +    3s] START vars=['TP', 'Z500']  grid=22x24
[2026-01-08 pid950207 +    3s] loading SPIRE (mean_stddev)...
[2026-02-26 pid950214 +    3s] START vars=['TP', 'Z500']  grid=22x24
[2026-02-26 pid950214 +    3s] loading SPIRE (mean_stddev)...
[2026-01-01 pid950206 +    3s] START vars=['TP', 'Z500']  grid=22x24
[2026-01-01 pid950206 +    3s] loading SPIRE (mean_stddev)...
[2026-02-19 pid950213 +    3s] START vars=['TP', 'Z500']  grid=22x24
[2026-02-19 pid950213 +    3s] loading SPIRE (mean_stddev)...
[2026-03-19 pid950217 +    3s] START vars=['TP', 'Z500']  grid=22x24
[2026-03-19 pid950217 +    3s] loading SPIRE (mean_stddev)...
[2026-02-05 pid950211 +    3s] START vars=['TP', 'Z500']  grid=22x24
[2026-02-05 pid950211 +    3s] loading SPIRE (mean_stddev)...
[2026-02-12 pid950212 +    3s] START vars=['TP', 'Z500']  grid=22x24
[2026-02-12 pid950212 +    3s] loading SPIRE (mean_stddev)...
[2026-03-12 pid950216 +    3s] START vars=['TP', 'Z500']  grid=22x24
[2026-03-12 pid950216 +    3s] loading SPIRE (mean_stddev)...
[2026-03-26 pid950218 +    3s] START vars=['TP', 'Z500']  grid=22x24[2026-01-22 pid950209 +    3s] START vars=['TP', 'Z500']  grid=22x24

[2026-03-26 pid950218 +    3s] loading SPIRE (mean_stddev)...[2026-01-22 pid950209 +    3s] loading SPIRE (mean_stddev)...

[2026-03-05 pid950215 +    3s] START vars=['TP', 'Z500']  grid=22x24
[2026-03-05 pid950215 +    3s] loading SPIRE (mean_stddev)...
[2026-01-29 pid950210 +    3s] START vars=['TP', 'Z500']  grid=22x24
[2026-01-29 pid950210 +    3s] loading SPIRE (mean_stddev)...
[2026-01-01 pid950206 +    3s]   SPIRE: ok TP,Z500,T2M
[2026-01-01 pid950206 +    3s] loading FuXi members...
[2026-02-26 pid950214 +    3s]   SPIRE: ok TP,Z500,T2M
[2026-02-26 pid950214 +    3s] loading FuXi members...
[2026-01-08 pid950207 +    3s]   SPIRE: ok TP,Z500,T2M
[2026-01-08 pid950207 +    3s] loading FuXi members...
[2026-01-15 pid950208 +    3s]   SPIRE: ok TP,Z500,T2M
[2026-01-15 pid950208 +    3s] loading FuXi members...
[2026-03-19 pid950217 +    3s]   SPIRE: ok TP,Z500,T2M
[2026-03-19 pid950217 +    3s] loading FuXi members...
[2026-03-26 pid950218 +    3s]   SPIRE: ok TP,Z500,T2M
[2026-03-26 pid950218 +    3s] loading FuXi members...
[2026-03-05 pid950215 +    3s]   SPIRE: ok TP,Z500,T2M
[2026-03-05 pid950215 +    3s] loading FuXi members...
[2026-02-12 pid950212 +    3s]   SPIRE: ok TP,Z500,T2M
[2026-02-12 pid950212 +    3s] loading FuXi members...
[2026-01-22 pid950209 +    3s]   SPIRE: ok TP,Z500,T2M
[2026-01-22 pid950209 +    3s] loading FuXi members...
[2026-02-05 pid950211 +    3s]   SPIRE: ok TP,Z500,T2M
[2026-02-05 pid950211 +    3s] loading FuXi members...
[2026-02-19 pid950213 +    3s]   SPIRE: ok TP,Z500,T2M
[2026-02-19 pid950213 +    3s] loading FuXi members...
[2026-03-12 pid950216 +    3s]   SPIRE: ok TP,Z500,T2M
[2026-03-12 pid950216 +    3s] loading FuXi members...
[2026-01-29 pid950210 +    3s]   SPIRE: ok TP,Z500,T2M
[2026-01-29 pid950210 +    3s] loading FuXi members...
[2026-01-29 pid950210 +   19s]   FuXi: TP=42d, Z500=42d
[2026-01-29 pid950210 +   19s] loading ECMWF...
[2026-03-05 pid950215 +   19s]   FuXi: TP=42d, Z500=42d
[2026-03-05 pid950215 +   19s] loading ECMWF...
[2026-01-22 pid950209 +   20s]   FuXi: TP=42d, Z500=42d
[2026-01-22 pid950209 +   20s] loading ECMWF...
[2026-03-26 pid950218 +   20s]   FuXi: TP=42d, Z500=42d
[2026-03-26 pid950218 +   20s] loading ECMWF...
[2026-03-12 pid950216 +   20s]   FuXi: TP=42d, Z500=42d
[2026-03-12 pid950216 +   20s] loading ECMWF...
[2026-03-19 pid950217 +   20s]   FuXi: TP=42d, Z500=42d
[2026-03-19 pid950217 +   20s] loading ECMWF...
[2026-01-01 pid950206 +   20s]   FuXi: TP=42d, Z500=42d
[2026-01-01 pid950206 +   20s] loading ECMWF...
[2026-01-08 pid950207 +   20s]   FuXi: TP=42d, Z500=42d
[2026-01-08 pid950207 +   20s] loading ECMWF...
[2026-01-15 pid950208 +   20s]   FuXi: TP=42d, Z500=42d
[2026-01-15 pid950208 +   20s] loading ECMWF...
[2026-02-12 pid950212 +   20s]   FuXi: TP=42d, Z500=42d
[2026-02-12 pid950212 +   20s] loading ECMWF...
[2026-02-05 pid950211 +   20s]   FuXi: TP=42d, Z500=42d
[2026-02-05 pid950211 +   20s] loading ECMWF...
[2026-02-19 pid950213 +   20s]   FuXi: TP=42d, Z500=42d
[2026-02-19 pid950213 +   20s] loading ECMWF...
[2026-02-26 pid950214 +   20s]   FuXi: TP=42d, Z500=42d
[2026-02-26 pid950214 +   20s] loading ECMWF...
[2026-03-26 pid950218 +   52s]   ECMWF: TP=ok, Z500=ok
[2026-01-08 pid950207 +   52s]   ECMWF: TP=ok, Z500=ok
[2026-01-22 pid950209 +   53s]   ECMWF: TP=ok, Z500=ok
[2026-01-01 pid950206 +   53s]   ECMWF: TP=ok, Z500=ok
[2026-02-19 pid950213 +   53s]   ECMWF: TP=ok, Z500=ok
[2026-03-19 pid950217 +   53s]   ECMWF: TP=ok, Z500=ok
[2026-03-05 pid950215 +   54s]   ECMWF: TP=ok, Z500=ok
[2026-02-05 pid950211 +   54s]   ECMWF: TP=ok, Z500=ok
[2026-02-12 pid950212 +   54s]   ECMWF: TP=ok, Z500=ok
[2026-03-12 pid950216 +   54s]   ECMWF: TP=ok, Z500=ok
[2026-01-29 pid950210 +   54s]   ECMWF: TP=ok, Z500=ok
[2026-02-26 pid950214 +   54s]   ECMWF: TP=ok, Z500=ok
[2026-01-15 pid950208 +   54s]   ECMWF: TP=ok, Z500=ok
[2026-03-26 pid950218 +   59s] loading model-own climatologies (FuXi, ECMWF)...
[2026-03-26 pid950218 +   59s]   FuXi clima: TP=ok, Z500=ok
[2026-03-26 pid950218 +   59s]   ECMWF clima: TP=ok, Z500=ok
[2026-03-26 pid950218 +   59s] data loaded -> scoring weekly + daily ...
[2026-01-08 pid950207 +   59s] loading model-own climatologies (FuXi, ECMWF)...
[2026-01-22 pid950209 +   59s] loading model-own climatologies (FuXi, ECMWF)...
[2026-01-08 pid950207 +   59s]   FuXi clima: TP=ok, Z500=ok
[2026-01-08 pid950207 +   59s]   ECMWF clima: TP=ok, Z500=ok
[2026-01-08 pid950207 +   59s] data loaded -> scoring weekly + daily ...
[2026-01-22 pid950209 +   59s]   FuXi clima: TP=ok, Z500=ok
[2026-01-22 pid950209 +   59s]   ECMWF clima: TP=ok, Z500=ok
[2026-01-22 pid950209 +   59s] data loaded -> scoring weekly + daily ...
[2026-02-19 pid950213 +   60s] loading model-own climatologies (FuXi, ECMWF)...
[2026-01-01 pid950206 +   60s] loading model-own climatologies (FuXi, ECMWF)...
[2026-02-19 pid950213 +   60s]   FuXi clima: TP=ok, Z500=ok
[2026-02-19 pid950213 +   60s]   ECMWF clima: TP=ok, Z500=ok
[2026-02-19 pid950213 +   60s] data loaded -> scoring weekly + daily ...
[2026-03-19 pid950217 +   61s] loading model-own climatologies (FuXi, ECMWF)...
[2026-01-01 pid950206 +   61s]   FuXi clima: TP=ok, Z500=ok
[2026-01-01 pid950206 +   61s]   ECMWF clima: TP=ok, Z500=ok
[2026-01-01 pid950206 +   61s] data loaded -> scoring weekly + daily ...
[2026-02-05 pid950211 +   61s] loading model-own climatologies (FuXi, ECMWF)...
[2026-03-19 pid950217 +   61s]   FuXi clima: TP=ok, Z500=ok
[2026-03-19 pid950217 +   61s]   ECMWF clima: TP=ok, Z500=ok
[2026-03-19 pid950217 +   61s] data loaded -> scoring weekly + daily ...
[2026-02-05 pid950211 +   61s]   FuXi clima: TP=ok, Z500=ok
[2026-02-05 pid950211 +   61s]   ECMWF clima: TP=ok, Z500=ok
[2026-02-05 pid950211 +   61s] data loaded -> scoring weekly + daily ...
[2026-03-05 pid950215 +   61s] loading model-own climatologies (FuXi, ECMWF)...
[2026-03-12 pid950216 +   61s] loading model-own climatologies (FuXi, ECMWF)...
[2026-02-12 pid950212 +   61s] loading model-own climatologies (FuXi, ECMWF)...
[2026-01-15 pid950208 +   61s] loading model-own climatologies (FuXi, ECMWF)...
[2026-03-05 pid950215 +   61s]   FuXi clima: TP=ok, Z500=ok
[2026-03-05 pid950215 +   61s]   ECMWF clima: TP=ok, Z500=ok
[2026-03-05 pid950215 +   61s] data loaded -> scoring weekly + daily ...
[2026-03-12 pid950216 +   61s]   FuXi clima: TP=ok, Z500=ok
[2026-03-12 pid950216 +   61s]   ECMWF clima: TP=ok, Z500=ok
[2026-03-12 pid950216 +   61s] data loaded -> scoring weekly + daily ...
[2026-02-12 pid950212 +   61s]   FuXi clima: TP=ok, Z500=ok
[2026-02-12 pid950212 +   61s]   ECMWF clima: TP=ok, Z500=ok
[2026-02-12 pid950212 +   61s] data loaded -> scoring weekly + daily ...
[2026-01-15 pid950208 +   61s]   FuXi clima: TP=ok, Z500=ok
[2026-01-15 pid950208 +   61s]   ECMWF clima: TP=ok, Z500=ok
[2026-01-15 pid950208 +   61s] data loaded -> scoring weekly + daily ...
[2026-01-29 pid950210 +   61s] loading model-own climatologies (FuXi, ECMWF)...
[2026-01-29 pid950210 +   61s]   FuXi clima: TP=ok, Z500=ok
[2026-01-29 pid950210 +   61s]   ECMWF clima: TP=ok, Z500=ok
[2026-01-29 pid950210 +   61s] data loaded -> scoring weekly + daily ...
[2026-02-26 pid950214 +   61s] loading model-own climatologies (FuXi, ECMWF)...
[2026-02-26 pid950214 +   61s]   FuXi clima: TP=ok, Z500=ok
[2026-02-26 pid950214 +   61s]   ECMWF clima: TP=ok, Z500=ok
[2026-02-26 pid950214 +   61s] data loaded -> scoring weekly + daily ...
[2026-01-22 pid950209 +   82s]   weekly Week 1 done (80 det rows so far)
[2026-03-26 pid950218 +   83s]   weekly Week 1 done (80 det rows so far)
[2026-01-08 pid950207 +   83s]   weekly Week 1 done (80 det rows so far)
[2026-03-19 pid950217 +   83s]   weekly Week 1 done (80 det rows so far)
[2026-02-05 pid950211 +   84s]   weekly Week 1 done (80 det rows so far)
[2026-01-01 pid950206 +   84s]   weekly Week 1 done (80 det rows so far)
[2026-02-19 pid950213 +   84s]   weekly Week 1 done (80 det rows so far)
[2026-03-12 pid950216 +   84s]   weekly Week 1 done (80 det rows so far)
[2026-02-12 pid950212 +   84s]   weekly Week 1 done (80 det rows so far)
[2026-01-15 pid950208 +   85s]   weekly Week 1 done (80 det rows so far)
[2026-02-26 pid950214 +   85s]   weekly Week 1 done (80 det rows so far)
[2026-03-05 pid950215 +   85s]   weekly Week 1 done (80 det rows so far)
[2026-01-29 pid950210 +   85s]   weekly Week 1 done (80 det rows so far)
[2026-01-22 pid950209 +  106s]   weekly Week 2 done (160 det rows so far)
[2026-03-19 pid950217 +  107s]   weekly Week 2 done (160 det rows so far)
[2026-01-08 pid950207 +  107s]   weekly Week 2 done (160 det rows so far)
[2026-02-05 pid950211 +  107s]   weekly Week 2 done (160 det rows so far)
[2026-03-26 pid950218 +  107s]   weekly Week 2 done (160 det rows so far)
[2026-02-12 pid950212 +  107s]   weekly Week 2 done (160 det rows so far)
[2026-03-12 pid950216 +  108s]   weekly Week 2 done (160 det rows so far)
[2026-01-01 pid950206 +  108s]   weekly Week 2 done (160 det rows so far)
[2026-02-19 pid950213 +  108s]   weekly Week 2 done (160 det rows so far)
[2026-01-15 pid950208 +  108s]   weekly Week 2 done (160 det rows so far)
[2026-02-26 pid950214 +  108s]   weekly Week 2 done (160 det rows so far)
[2026-03-05 pid950215 +  109s]   weekly Week 2 done (160 det rows so far)
[2026-01-29 pid950210 +  110s]   weekly Week 2 done (160 det rows so far)
[2026-01-22 pid950209 +  129s]   weekly Week 3 done (240 det rows so far)
[2026-03-19 pid950217 +  129s]   weekly Week 3 done (240 det rows so far)
[2026-02-05 pid950211 +  130s]   weekly Week 3 done (240 det rows so far)
[2026-01-08 pid950207 +  130s]   weekly Week 3 done (240 det rows so far)
[2026-02-12 pid950212 +  130s]   weekly Week 3 done (240 det rows so far)
[2026-03-12 pid950216 +  131s]   weekly Week 3 done (240 det rows so far)
[2026-03-26 pid950218 +  131s]   weekly Week 3 done (240 det rows so far)
[2026-01-01 pid950206 +  132s]   weekly Week 3 done (240 det rows so far)
[2026-02-19 pid950213 +  132s]   weekly Week 3 done (240 det rows so far)
[2026-01-15 pid950208 +  132s]   weekly Week 3 done (240 det rows so far)
[2026-02-26 pid950214 +  132s]   weekly Week 3 done (240 det rows so far)
[2026-03-05 pid950215 +  133s]   weekly Week 3 done (240 det rows so far)
[2026-01-29 pid950210 +  135s]   weekly Week 3 done (240 det rows so far)
[2026-01-22 pid950209 +  151s]   weekly Week 4 done (320 det rows so far)
[2026-03-19 pid950217 +  152s]   weekly Week 4 done (320 det rows so far)
[2026-01-08 pid950207 +  153s]   weekly Week 4 done (320 det rows so far)
[2026-02-05 pid950211 +  153s]   weekly Week 4 done (320 det rows so far)
[2026-02-12 pid950212 +  153s]   weekly Week 4 done (320 det rows so far)
[2026-03-12 pid950216 +  154s]   weekly Week 4 done (320 det rows so far)
[2026-01-15 pid950208 +  155s]   weekly Week 4 done (320 det rows so far)
[2026-03-26 pid950218 +  155s]   weekly Week 4 done (320 det rows so far)
[2026-01-01 pid950206 +  155s]   weekly Week 4 done (320 det rows so far)
[2026-02-19 pid950213 +  155s]   weekly Week 4 done (320 det rows so far)
[2026-02-26 pid950214 +  155s]   weekly Week 4 done (320 det rows so far)
[2026-03-05 pid950215 +  156s]   weekly Week 4 done (320 det rows so far)
[2026-01-29 pid950210 +  159s]   weekly Week 4 done (320 det rows so far)
[2026-01-22 pid950209 +  174s]   weekly Week 5 done (400 det rows so far)
