host: gpu2   start: Wed 17 Jun 2026 01:46:40 PM IST

Unified S2S verification V3 (dual clim basis) — season=JFM2026
  models=['SPIRE', 'FuXi', 'ECMWF'] (+MME,Persistence)  vars=['TP', 'Z500']
  clim_basis: era5 (all models) + model_own (FuXi/ECMWF)
  inits=13  workers=13  out_dir=/home/raj.ayush/s2s/s2s_anlysis/paper/code/presentationv3

[2026-01-08 pid484561 +    3s] START vars=['TP', 'Z500']  grid=22x24
[2026-01-08 pid484561 +    3s] loading SPIRE (mean_stddev)...
[2026-02-12 pid484566 +    3s] START vars=['TP', 'Z500']  grid=22x24
[2026-02-12 pid484566 +    3s] loading SPIRE (mean_stddev)...
[2026-03-05 pid484570 +    3s] START vars=['TP', 'Z500']  grid=22x24
[2026-03-05 pid484570 +    3s] loading SPIRE (mean_stddev)...
[2026-03-26 pid484572 +    3s] START vars=['TP', 'Z500']  grid=22x24
[2026-03-26 pid484572 +    3s] loading SPIRE (mean_stddev)...
[2026-03-12 pid484569 +    3s] START vars=['TP', 'Z500']  grid=22x24
[2026-03-12 pid484569 +    3s] loading SPIRE (mean_stddev)...
[2026-01-15 pid484562 +    3s] START vars=['TP', 'Z500']  grid=22x24
[2026-01-15 pid484562 +    3s] loading SPIRE (mean_stddev)...
[2026-02-26 pid484567 +    3s] START vars=['TP', 'Z500']  grid=22x24
[2026-02-26 pid484567 +    3s] loading SPIRE (mean_stddev)...
[2026-03-19 pid484571 +    3s] START vars=['TP', 'Z500']  grid=22x24
[2026-03-19 pid484571 +    3s] loading SPIRE (mean_stddev)...
[2026-02-05 pid484565 +    3s] START vars=['TP', 'Z500']  grid=22x24
[2026-02-05 pid484565 +    3s] loading SPIRE (mean_stddev)...
[2026-01-29 pid484564 +    3s] START vars=['TP', 'Z500']  grid=22x24
[2026-01-29 pid484564 +    3s] loading SPIRE (mean_stddev)...
[2026-02-19 pid484568 +    3s] START vars=['TP', 'Z500']  grid=22x24
[2026-02-19 pid484568 +    3s] loading SPIRE (mean_stddev)...
[2026-01-01 pid484560 +    3s] START vars=['TP', 'Z500']  grid=22x24
[2026-01-01 pid484560 +    3s] loading SPIRE (mean_stddev)...
[2026-01-22 pid484563 +    3s] START vars=['TP', 'Z500']  grid=22x24
[2026-01-22 pid484563 +    3s] loading SPIRE (mean_stddev)...
[2026-02-05 pid484565 +    3s]   SPIRE: ok TP,Z500,T2M
[2026-02-05 pid484565 +    3s] loading FuXi members...
[2026-03-26 pid484572 +    3s]   SPIRE: ok TP,Z500,T2M
[2026-03-26 pid484572 +    3s] loading FuXi members...
[2026-02-12 pid484566 +    4s]   SPIRE: ok TP,Z500,T2M
[2026-02-12 pid484566 +    4s] loading FuXi members...
[2026-02-19 pid484568 +    4s]   SPIRE: ok TP,Z500,T2M
[2026-02-19 pid484568 +    4s] loading FuXi members...
[2026-01-08 pid484561 +    4s]   SPIRE: ok TP,Z500,T2M
[2026-01-08 pid484561 +    4s] loading FuXi members...
[2026-01-15 pid484562 +    4s]   SPIRE: ok TP,Z500,T2M
[2026-01-15 pid484562 +    4s] loading FuXi members...
[2026-01-22 pid484563 +    4s]   SPIRE: ok TP,Z500,T2M
[2026-01-22 pid484563 +    4s] loading FuXi members...
[2026-03-05 pid484570 +    4s]   SPIRE: ok TP,Z500,T2M
[2026-03-05 pid484570 +    4s] loading FuXi members...
[2026-03-19 pid484571 +    4s]   SPIRE: ok TP,Z500,T2M
[2026-03-19 pid484571 +    4s] loading FuXi members...
[2026-02-26 pid484567 +    4s]   SPIRE: ok TP,Z500,T2M
[2026-02-26 pid484567 +    4s] loading FuXi members...
[2026-03-12 pid484569 +    4s]   SPIRE: ok TP,Z500,T2M
[2026-03-12 pid484569 +    4s] loading FuXi members...
[2026-01-29 pid484564 +    4s]   SPIRE: ok TP,Z500,T2M
[2026-01-29 pid484564 +    4s] loading FuXi members...
[2026-01-01 pid484560 +    4s]   SPIRE: ok TP,Z500,T2M
[2026-01-01 pid484560 +    4s] loading FuXi members...
