host: gpu1   start: Wed 17 Jun 2026 02:21:42 PM IST

Unified S2S verification V2 (model-own clima) — season=JJAS2019
  models=['FuXi', 'ECMWF'] (+MME,Persistence)  vars=['TP', 'Z500']
  inits=35  workers=35  out_dir=/home/raj.ayush/s2s/s2s_anlysis/paper/code/hfm

[2019-06-09 pid952986 +    2s] START vars=['TP', 'Z500']  grid=22x24
[2019-06-09 pid952986 +    2s] loading SPIRE (mean_stddev)...
[2019-06-27 pid952991 +    2s] START vars=['TP', 'Z500']  grid=22x24
[2019-06-27 pid952991 +    2s] loading SPIRE (mean_stddev)...
[2019-08-15 pid953005 +    2s] START vars=['TP', 'Z500']  grid=22x24
[2019-08-15 pid953005 +    2s] loading SPIRE (mean_stddev)...
[2019-08-08 pid953003 +    2s] START vars=['TP', 'Z500']  grid=22x24
[2019-08-08 pid953003 +    2s] loading SPIRE (mean_stddev)...
[2019-09-19 pid953015 +    2s] START vars=['TP', 'Z500']  grid=22x24
[2019-09-19 pid953015 +    2s] loading SPIRE (mean_stddev)...
[2019-06-30 pid952992 +    2s] START vars=['TP', 'Z500']  grid=22x24
[2019-06-30 pid952992 +    2s] loading SPIRE (mean_stddev)...
[2019-07-07 pid952994 +    2s] START vars=['TP', 'Z500']  grid=22x24
[2019-07-07 pid952994 +    2s] loading SPIRE (mean_stddev)...
[2019-08-04 pid953002 +    2s] START vars=['TP', 'Z500']  grid=22x24
[2019-08-04 pid953002 +    2s] loading SPIRE (mean_stddev)...
[2019-06-20 pid952989 +    2s] START vars=['TP', 'Z500']  grid=22x24
[2019-06-20 pid952989 +    2s] loading SPIRE (mean_stddev)...
[2019-08-11 pid953004 +    2s] START vars=['TP', 'Z500']  grid=22x24
[2019-08-11 pid953004 +    2s] loading SPIRE (mean_stddev)...
[2019-06-02 pid952984 +    2s] START vars=['TP', 'Z500']  grid=22x24
[2019-06-02 pid952984 +    2s] loading SPIRE (mean_stddev)...
[2019-07-11 pid952995 +    2s] START vars=['TP', 'Z500']  grid=22x24
[2019-07-11 pid952995 +    2s] loading SPIRE (mean_stddev)...
[2019-06-06 pid952985 +    2s] START vars=['TP', 'Z500']  grid=22x24
[2019-06-06 pid952985 +    2s] loading SPIRE (mean_stddev)...
[2019-09-12 pid953011 +    2s] START vars=['TP', 'Z500']  grid=22x24
[2019-09-12 pid953011 +    2s] loading SPIRE (mean_stddev)...
[2019-06-23 pid952990 +    2s] START vars=['TP', 'Z500']  grid=22x24
[2019-06-23 pid952990 +    2s] loading SPIRE (mean_stddev)...
[2019-08-18 pid953006 +    2s] START vars=['TP', 'Z500']  grid=22x24
[2019-08-18 pid953006 +    2s] loading SPIRE (mean_stddev)...
[2019-07-18 pid952997 +    2s] START vars=['TP', 'Z500']  grid=22x24
[2019-07-18 pid952997 +    2s] loading SPIRE (mean_stddev)...
[2019-08-25 pid953008 +    2s] START vars=['TP', 'Z500']  grid=22x24
[2019-08-25 pid953008 +    2s] loading SPIRE (mean_stddev)...
[2019-08-29 pid953009 +    2s] START vars=['TP', 'Z500']  grid=22x24
[2019-08-29 pid953009 +    2s] loading SPIRE (mean_stddev)...
[2019-07-25 pid952999 +    2s] START vars=['TP', 'Z500']  grid=22x24
[2019-07-25 pid952999 +    2s] loading SPIRE (mean_stddev)...
[2019-08-22 pid953007 +    2s] START vars=['TP', 'Z500']  grid=22x24
[2019-08-22 pid953007 +    2s] loading SPIRE (mean_stddev)...[2019-09-29 pid953018 +    2s] START vars=['TP', 'Z500']  grid=22x24[2019-07-14 pid952996 +    2s] START vars=['TP', 'Z500']  grid=22x24


[2019-07-14 pid952996 +    2s] loading SPIRE (mean_stddev)...
[2019-09-29 pid953018 +    2s] loading SPIRE (mean_stddev)...
[2019-09-08 pid953013 +    2s] START vars=['TP', 'Z500']  grid=22x24
[2019-09-05 pid953012 +    2s] START vars=['TP', 'Z500']  grid=22x24[2019-09-08 pid953013 +    2s] loading SPIRE (mean_stddev)...

[2019-09-05 pid953012 +    2s] loading SPIRE (mean_stddev)...
[2019-06-13 pid952987 +    2s] START vars=['TP', 'Z500']  grid=22x24[2019-09-22 pid953016 +    2s] START vars=['TP', 'Z500']  grid=22x24
[2019-09-15 pid953014 +    2s] START vars=['TP', 'Z500']  grid=22x24

[2019-09-22 pid953016 +    2s] loading SPIRE (mean_stddev)...
[2019-09-15 pid953014 +    2s] loading SPIRE (mean_stddev)...
[2019-06-13 pid952987 +    2s] loading SPIRE (mean_stddev)...
[2019-07-04 pid952993 +    2s] START vars=['TP', 'Z500']  grid=22x24
[2019-07-04 pid952993 +    2s] loading SPIRE (mean_stddev)...
[2019-08-01 pid953001 +    2s] START vars=['TP', 'Z500']  grid=22x24
[2019-08-01 pid953001 +    2s] loading SPIRE (mean_stddev)...
[2019-06-16 pid952988 +    2s] START vars=['TP', 'Z500']  grid=22x24
[2019-09-01 pid953010 +    2s] START vars=['TP', 'Z500']  grid=22x24
[2019-06-16 pid952988 +    2s] loading SPIRE (mean_stddev)...
[2019-09-01 pid953010 +    2s] loading SPIRE (mean_stddev)...
[2019-07-28 pid953000 +    2s] START vars=['TP', 'Z500']  grid=22x24
[2019-07-28 pid953000 +    2s] loading SPIRE (mean_stddev)...
[2019-09-26 pid953017 +    2s] START vars=['TP', 'Z500']  grid=22x24
[2019-09-26 pid953017 +    2s] loading SPIRE (mean_stddev)...
[2019-07-21 pid952998 +    2s] START vars=['TP', 'Z500']  grid=22x24
[2019-07-21 pid952998 +    2s] loading SPIRE (mean_stddev)...
  [SPIRE] open fail 2019-06-30: No group found in store '/home/raj.ayush/s2s/s2s_anlysis/paper/code/hfm' at path ''
[2019-06-30 pid952992 +    2s]   SPIRE: MISSING
[2019-06-30 pid952992 +    2s] loading FuXi members (slow: ~11 members x 42 days)...
  [SPIRE] open fail 2019-06-20: No group found in store '/home/raj.ayush/s2s/s2s_anlysis/paper/code/hfm' at path ''
[2019-06-20 pid952989 +    2s]   SPIRE: MISSING
  [SPIRE] open fail 2019-09-19: No group found in store '/home/raj.ayush/s2s/s2s_anlysis/paper/code/hfm' at path ''
[2019-06-20 pid952989 +    2s] loading FuXi members (slow: ~11 members x 42 days)...
[2019-09-19 pid953015 +    2s]   SPIRE: MISSING  [SPIRE] open fail 2019-06-02: No group found in store '/home/raj.ayush/s2s/s2s_anlysis/paper/code/hfm' at path ''

[2019-06-02 pid952984 +    2s]   SPIRE: MISSING
[2019-09-19 pid953015 +    2s] loading FuXi members (slow: ~11 members x 42 days)...
[2019-06-02 pid952984 +    2s] loading FuXi members (slow: ~11 members x 42 days)...
  [SPIRE] open fail 2019-08-04: No group found in store '/home/raj.ayush/s2s/s2s_anlysis/paper/code/hfm' at path ''
[2019-08-04 pid953002 +    2s]   SPIRE: MISSING
[2019-08-04 pid953002 +    2s] loading FuXi members (slow: ~11 members x 42 days)...
  [SPIRE] open fail 2019-06-09: No group found in store '/home/raj.ayush/s2s/s2s_anlysis/paper/code/hfm' at path ''
[2019-06-09 pid952986 +    2s]   SPIRE: MISSING
[2019-06-09 pid952986 +    2s] loading FuXi members (slow: ~11 members x 42 days)...
  [SPIRE] open fail 2019-08-08: No group found in store '/home/raj.ayush/s2s/s2s_anlysis/paper/code/hfm' at path ''
[2019-08-08 pid953003 +    2s]   SPIRE: MISSING
[2019-08-08 pid953003 +    2s] loading FuXi members (slow: ~11 members x 42 days)...
  [SPIRE] open fail 2019-06-06: No group found in store '/home/raj.ayush/s2s/s2s_anlysis/paper/code/hfm' at path ''
[2019-06-06 pid952985 +    2s]   SPIRE: MISSING
[2019-06-06 pid952985 +    2s] loading FuXi members (slow: ~11 members x 42 days)...
  [SPIRE] open fail 2019-07-07: No group found in store '/home/raj.ayush/s2s/s2s_anlysis/paper/code/hfm' at path ''
[2019-07-07 pid952994 +    2s]   SPIRE: MISSING
[2019-07-07 pid952994 +    2s] loading FuXi members (slow: ~11 members x 42 days)...
  [SPIRE] open fail 2019-08-11: No group found in store '/home/raj.ayush/s2s/s2s_anlysis/paper/code/hfm' at path ''  [SPIRE] open fail 2019-07-11: No group found in store '/home/raj.ayush/s2s/s2s_anlysis/paper/code/hfm' at path ''

[2019-08-11 pid953004 +    2s]   SPIRE: MISSING[2019-07-11 pid952995 +    2s]   SPIRE: MISSING

[2019-08-11 pid953004 +    2s] loading FuXi members (slow: ~11 members x 42 days)...
[2019-07-11 pid952995 +    2s] loading FuXi members (slow: ~11 members x 42 days)...
  [SPIRE] open fail 2019-08-15: No group found in store '/home/raj.ayush/s2s/s2s_anlysis/paper/code/hfm' at path ''
[2019-08-15 pid953005 +    2s]   SPIRE: MISSING
[2019-08-15 pid953005 +    2s] loading FuXi members (slow: ~11 members x 42 days)...
  [SPIRE] open fail 2019-06-27: No group found in store '/home/raj.ayush/s2s/s2s_anlysis/paper/code/hfm' at path ''
[2019-06-27 pid952991 +    2s]   SPIRE: MISSING
[2019-06-27 pid952991 +    2s] loading FuXi members (slow: ~11 members x 42 days)...
  [SPIRE] open fail 2019-09-12: No group found in store '/home/raj.ayush/s2s/s2s_anlysis/paper/code/hfm' at path ''
[2019-09-12 pid953011 +    2s]   SPIRE: MISSING
[2019-09-12 pid953011 +    2s] loading FuXi members (slow: ~11 members x 42 days)...
  [SPIRE] open fail 2019-06-23: No group found in store '/home/raj.ayush/s2s/s2s_anlysis/paper/code/hfm' at path ''
[2019-06-23 pid952990 +    2s]   SPIRE: MISSING
[2019-06-23 pid952990 +    2s] loading FuXi members (slow: ~11 members x 42 days)...
  [SPIRE] open fail 2019-08-18: No group found in store '/home/raj.ayush/s2s/s2s_anlysis/paper/code/hfm' at path ''
  [SPIRE] open fail 2019-07-18: No group found in store '/home/raj.ayush/s2s/s2s_anlysis/paper/code/hfm' at path ''[2019-08-18 pid953006 +    2s]   SPIRE: MISSING

[2019-08-18 pid953006 +    2s] loading FuXi members (slow: ~11 members x 42 days)...
[2019-07-18 pid952997 +    2s]   SPIRE: MISSING
[2019-07-18 pid952997 +    2s] loading FuXi members (slow: ~11 members x 42 days)...
  [SPIRE] open fail 2019-08-29: No group found in store '/home/raj.ayush/s2s/s2s_anlysis/paper/code/hfm' at path ''
[2019-08-29 pid953009 +    2s]   SPIRE: MISSING
[2019-08-29 pid953009 +    2s] loading FuXi members (slow: ~11 members x 42 days)...
  [SPIRE] open fail 2019-08-25: No group found in store '/home/raj.ayush/s2s/s2s_anlysis/paper/code/hfm' at path ''
[2019-08-25 pid953008 +    2s]   SPIRE: MISSING
[2019-08-25 pid953008 +    2s] loading FuXi members (slow: ~11 members x 42 days)...
  [SPIRE] open fail 2019-08-22: No group found in store '/home/raj.ayush/s2s/s2s_anlysis/paper/code/hfm' at path ''
[2019-08-22 pid953007 +    2s]   SPIRE: MISSING
[2019-08-22 pid953007 +    2s] loading FuXi members (slow: ~11 members x 42 days)...
  [SPIRE] open fail 2019-09-15: No group found in store '/home/raj.ayush/s2s/s2s_anlysis/paper/code/hfm' at path ''
[2019-09-15 pid953014 +    2s]   SPIRE: MISSING
  [SPIRE] open fail 2019-09-05: No group found in store '/home/raj.ayush/s2s/s2s_anlysis/paper/code/hfm' at path ''[2019-09-15 pid953014 +    2s] loading FuXi members (slow: ~11 members x 42 days)...

[2019-09-05 pid953012 +    2s]   SPIRE: MISSING
[2019-09-05 pid953012 +    2s] loading FuXi members (slow: ~11 members x 42 days)...
  [SPIRE] open fail 2019-07-28: No group found in store '/home/raj.ayush/s2s/s2s_anlysis/paper/code/hfm' at path ''
[2019-07-28 pid953000 +    2s]   SPIRE: MISSING
[2019-07-28 pid953000 +    2s] loading FuXi members (slow: ~11 members x 42 days)...
  [SPIRE] open fail 2019-07-21: No group found in store '/home/raj.ayush/s2s/s2s_anlysis/paper/code/hfm' at path ''
  [SPIRE] open fail 2019-09-26: No group found in store '/home/raj.ayush/s2s/s2s_anlysis/paper/code/hfm' at path ''[2019-07-21 pid952998 +    2s]   SPIRE: MISSING

[2019-07-21 pid952998 +    2s] loading FuXi members (slow: ~11 members x 42 days)...
  [SPIRE] open fail 2019-07-25: No group found in store '/home/raj.ayush/s2s/s2s_anlysis/paper/code/hfm' at path ''
[2019-07-25 pid952999 +    2s]   SPIRE: MISSING
[2019-09-26 pid953017 +    2s]   SPIRE: MISSING
[2019-07-25 pid952999 +    2s] loading FuXi members (slow: ~11 members x 42 days)...
[2019-09-26 pid953017 +    2s] loading FuXi members (slow: ~11 members x 42 days)...
  [SPIRE] open fail 2019-09-22: No group found in store '/home/raj.ayush/s2s/s2s_anlysis/paper/code/hfm' at path ''
[2019-09-22 pid953016 +    2s]   SPIRE: MISSING
[2019-09-22 pid953016 +    2s] loading FuXi members (slow: ~11 members x 42 days)...
  [SPIRE] open fail 2019-09-01: No group found in store '/home/raj.ayush/s2s/s2s_anlysis/paper/code/hfm' at path ''
[2019-09-01 pid953010 +    2s]   SPIRE: MISSING
[2019-09-01 pid953010 +    2s] loading FuXi members (slow: ~11 members x 42 days)...
  [SPIRE] open fail 2019-06-16: No group found in store '/home/raj.ayush/s2s/s2s_anlysis/paper/code/hfm' at path ''
[2019-06-16 pid952988 +    2s]   SPIRE: MISSING
[2019-06-16 pid952988 +    2s] loading FuXi members (slow: ~11 members x 42 days)...  [SPIRE] open fail 2019-06-13: No group found in store '/home/raj.ayush/s2s/s2s_anlysis/paper/code/hfm' at path ''

[2019-06-13 pid952987 +    2s]   SPIRE: MISSING
[2019-06-13 pid952987 +    2s] loading FuXi members (slow: ~11 members x 42 days)...
  [SPIRE] open fail 2019-07-04: No group found in store '/home/raj.ayush/s2s/s2s_anlysis/paper/code/hfm' at path ''
[2019-07-04 pid952993 +    2s]   SPIRE: MISSING
[2019-07-04 pid952993 +    2s] loading FuXi members (slow: ~11 members x 42 days)...
  [SPIRE] open fail 2019-09-29: No group found in store '/home/raj.ayush/s2s/s2s_anlysis/paper/code/hfm' at path ''
[2019-09-29 pid953018 +    2s]   SPIRE: MISSING
[2019-09-29 pid953018 +    2s] loading FuXi members (slow: ~11 members x 42 days)...
  [SPIRE] open fail 2019-07-14: No group found in store '/home/raj.ayush/s2s/s2s_anlysis/paper/code/hfm' at path ''
[2019-07-14 pid952996 +    2s]   SPIRE: MISSING
[2019-07-14 pid952996 +    2s] loading FuXi members (slow: ~11 members x 42 days)...
  [SPIRE] open fail 2019-08-01: No group found in store '/home/raj.ayush/s2s/s2s_anlysis/paper/code/hfm' at path ''
[2019-08-01 pid953001 +    2s]   SPIRE: MISSING
[2019-08-01 pid953001 +    2s] loading FuXi members (slow: ~11 members x 42 days)...
  [SPIRE] open fail 2019-09-08: No group found in store '/home/raj.ayush/s2s/s2s_anlysis/paper/code/hfm' at path ''
[2019-09-08 pid953013 +    2s]   SPIRE: MISSING
[2019-09-08 pid953013 +    2s] loading FuXi members (slow: ~11 members x 42 days)...
[2019-09-08 pid953013 +   61s]   FuXi: TP=42d, Z500=42d
[2019-09-08 pid953013 +   61s] loading ECMWF...
[2019-09-22 pid953016 +   61s]   FuXi: TP=42d, Z500=42d
[2019-09-22 pid953016 +   61s] loading ECMWF...
[2019-09-01 pid953010 +   61s]   FuXi: TP=42d, Z500=42d
[2019-09-01 pid953010 +   61s] loading ECMWF...
[2019-08-25 pid953008 +   61s]   FuXi: TP=42d, Z500=42d
[2019-08-25 pid953008 +   61s] loading ECMWF...
[2019-08-29 pid953009 +   62s]   FuXi: TP=42d, Z500=42d
[2019-08-29 pid953009 +   62s] loading ECMWF...
[2019-06-02 pid952984 +   62s]   FuXi: TP=42d, Z500=42d
[2019-06-02 pid952984 +   62s] loading ECMWF...
[2019-08-18 pid953006 +   62s]   FuXi: TP=42d, Z500=42d
[2019-08-18 pid953006 +   62s] loading ECMWF...
[2019-09-05 pid953012 +   62s]   FuXi: TP=42d, Z500=42d
[2019-09-05 pid953012 +   62s] loading ECMWF...
[2019-08-15 pid953005 +   62s]   FuXi: TP=42d, Z500=42d
[2019-08-15 pid953005 +   62s] loading ECMWF...
[2019-09-12 pid953011 +   62s]   FuXi: TP=42d, Z500=42d
[2019-09-12 pid953011 +   62s] loading ECMWF...
[2019-08-22 pid953007 +   62s]   FuXi: TP=42d, Z500=42d
[2019-08-22 pid953007 +   62s] loading ECMWF...
[2019-08-11 pid953004 +   62s]   FuXi: TP=42d, Z500=42d
[2019-08-11 pid953004 +   62s] loading ECMWF...
[2019-09-29 pid953018 +   62s]   FuXi: TP=42d, Z500=42d
[2019-09-29 pid953018 +   62s] loading ECMWF...
[2019-09-26 pid953017 +   62s]   FuXi: TP=42d, Z500=42d
[2019-09-26 pid953017 +   62s] loading ECMWF...
[2019-09-15 pid953014 +   62s]   FuXi: TP=42d, Z500=42d
[2019-09-15 pid953014 +   62s] loading ECMWF...
[2019-08-08 pid953003 +   62s]   FuXi: TP=42d, Z500=42d
[2019-08-08 pid953003 +   62s] loading ECMWF...
[2019-09-19 pid953015 +   63s]   FuXi: TP=42d, Z500=42d
[2019-09-19 pid953015 +   63s] loading ECMWF...
[2019-09-08 pid953013 +   96s]   ECMWF: TP=ok, Z500=ok
[2019-09-22 pid953016 +   96s]   ECMWF: TP=ok, Z500=ok
[2019-09-01 pid953010 +   96s]   ECMWF: TP=ok, Z500=ok
[2019-09-08 pid953013 +  102s] loading model-own climatologies (FuXi, ECMWF)...
[2019-09-22 pid953016 +  102s] loading model-own climatologies (FuXi, ECMWF)...
[2019-09-15 pid953014 +  102s]   ECMWF: TP=ok, Z500=ok
[2019-06-02 pid952984 +  102s]   ECMWF: TP=ok, Z500=ok
[2019-09-08 pid953013 +  102s]   FuXi clima: TP=ok, Z500=ok
[2019-09-08 pid953013 +  102s]   ECMWF clima: TP=ok, Z500=ok
[2019-09-08 pid953013 +  102s] data loaded -> scoring weekly + daily ...
[2019-09-22 pid953016 +  102s]   FuXi clima: TP=ok, Z500=ok
[2019-09-22 pid953016 +  102s]   ECMWF clima: TP=ok, Z500=ok
[2019-09-22 pid953016 +  102s] data loaded -> scoring weekly + daily ...
[2019-08-25 pid953008 +  102s]   ECMWF: TP=ok, Z500=ok
[2019-09-01 pid953010 +  102s] loading model-own climatologies (FuXi, ECMWF)...
[2019-08-29 pid953009 +  103s]   ECMWF: TP=ok, Z500=ok
[2019-09-01 pid953010 +  103s]   FuXi clima: TP=ok, Z500=ok
[2019-09-01 pid953010 +  103s]   ECMWF clima: TP=ok, Z500=ok
[2019-09-01 pid953010 +  103s] data loaded -> scoring weekly + daily ...
[2019-08-22 pid953007 +  103s]   ECMWF: TP=ok, Z500=ok
[2019-09-29 pid953018 +  103s]   ECMWF: TP=ok, Z500=ok
[2019-09-05 pid953012 +  103s]   ECMWF: TP=ok, Z500=ok
[2019-09-19 pid953015 +  104s]   ECMWF: TP=ok, Z500=ok
[2019-09-26 pid953017 +  104s]   ECMWF: TP=ok, Z500=ok
[2019-08-11 pid953004 +  104s]   ECMWF: TP=ok, Z500=ok
[2019-08-15 pid953005 +  105s]   ECMWF: TP=ok, Z500=ok
[2019-08-18 pid953006 +  105s]   ECMWF: TP=ok, Z500=ok
[2019-09-12 pid953011 +  105s]   ECMWF: TP=ok, Z500=ok
[2019-09-22 pid953016 +  106s]   weekly Week 1 done (40 det rows so far)
[2019-09-08 pid953013 +  106s]   weekly Week 1 done (40 det rows so far)
[2019-09-01 pid953010 +  106s]   weekly Week 1 done (40 det rows so far)
[2019-08-08 pid953003 +  107s]   ECMWF: TP=ok, Z500=ok
[2019-09-22 pid953016 +  109s]   weekly Week 2 done (80 det rows so far)
[2019-09-08 pid953013 +  109s]   weekly Week 2 done (80 det rows so far)
[2019-06-02 pid952984 +  109s] loading model-own climatologies (FuXi, ECMWF)...
[2019-06-02 pid952984 +  109s]   FuXi clima: TP=ok, Z500=ok
[2019-06-02 pid952984 +  109s]   ECMWF clima: TP=ok, Z500=ok
[2019-06-02 pid952984 +  109s] data loaded -> scoring weekly + daily ...
[2019-09-15 pid953014 +  109s] loading model-own climatologies (FuXi, ECMWF)...
[2019-09-01 pid953010 +  109s]   weekly Week 2 done (80 det rows so far)
[2019-09-15 pid953014 +  110s]   FuXi clima: TP=ok, Z500=ok
[2019-09-15 pid953014 +  110s]   ECMWF clima: TP=ok, Z500=ok
[2019-09-15 pid953014 +  110s] data loaded -> scoring weekly + daily ...
[2019-08-25 pid953008 +  110s] loading model-own climatologies (FuXi, ECMWF)...
[2019-08-22 pid953007 +  110s] loading model-own climatologies (FuXi, ECMWF)...
[2019-08-25 pid953008 +  110s]   FuXi clima: TP=ok, Z500=ok
[2019-08-25 pid953008 +  110s]   ECMWF clima: TP=ok, Z500=ok
[2019-08-25 pid953008 +  110s] data loaded -> scoring weekly + daily ...
[2019-08-29 pid953009 +  110s] loading model-own climatologies (FuXi, ECMWF)...
[2019-08-22 pid953007 +  110s]   FuXi clima: TP=ok, Z500=ok
[2019-08-22 pid953007 +  110s]   ECMWF clima: TP=ok, Z500=ok
[2019-08-22 pid953007 +  110s] data loaded -> scoring weekly + daily ...
[2019-08-29 pid953009 +  111s]   FuXi clima: TP=ok, Z500=ok
[2019-08-29 pid953009 +  111s]   ECMWF clima: TP=ok, Z500=ok
[2019-08-29 pid953009 +  111s] data loaded -> scoring weekly + daily ...
[2019-09-29 pid953018 +  111s] loading model-own climatologies (FuXi, ECMWF)...
[2019-09-05 pid953012 +  111s] loading model-own climatologies (FuXi, ECMWF)...
[2019-09-29 pid953018 +  111s]   FuXi clima: TP=ok, Z500=ok
[2019-09-29 pid953018 +  111s]   ECMWF clima: TP=ok, Z500=ok
[2019-09-29 pid953018 +  111s] data loaded -> scoring weekly + daily ...
[2019-09-05 pid953012 +  111s]   FuXi clima: TP=ok, Z500=ok
[2019-09-05 pid953012 +  111s]   ECMWF clima: TP=ok, Z500=ok
[2019-09-05 pid953012 +  111s] data loaded -> scoring weekly + daily ...
[2019-09-19 pid953015 +  112s] loading model-own climatologies (FuXi, ECMWF)...
[2019-09-26 pid953017 +  112s] loading model-own climatologies (FuXi, ECMWF)...
[2019-09-19 pid953015 +  112s]   FuXi clima: TP=ok, Z500=ok
[2019-09-19 pid953015 +  112s]   ECMWF clima: TP=ok, Z500=ok
[2019-09-19 pid953015 +  112s] data loaded -> scoring weekly + daily ...
[2019-08-11 pid953004 +  112s] loading model-own climatologies (FuXi, ECMWF)...
[2019-09-26 pid953017 +  112s]   FuXi clima: TP=ok, Z500=ok
[2019-09-26 pid953017 +  112s]   ECMWF clima: TP=ok, Z500=ok
[2019-09-26 pid953017 +  112s] data loaded -> scoring weekly + daily ...
[2019-09-22 pid953016 +  112s]   weekly Week 3 done (120 det rows so far)
[2019-08-11 pid953004 +  112s]   FuXi clima: TP=ok, Z500=ok
[2019-08-11 pid953004 +  112s]   ECMWF clima: TP=ok, Z500=ok
[2019-08-11 pid953004 +  112s] data loaded -> scoring weekly + daily ...
[2019-08-15 pid953005 +  112s] loading model-own climatologies (FuXi, ECMWF)...
[2019-08-18 pid953006 +  112s] loading model-own climatologies (FuXi, ECMWF)...
[2019-09-12 pid953011 +  112s] loading model-own climatologies (FuXi, ECMWF)...
[2019-09-08 pid953013 +  112s]   weekly Week 3 done (120 det rows so far)
[2019-08-18 pid953006 +  112s]   FuXi clima: TP=ok, Z500=ok
[2019-08-18 pid953006 +  112s]   ECMWF clima: TP=ok, Z500=ok
[2019-08-18 pid953006 +  112s] data loaded -> scoring weekly + daily ...
[2019-08-15 pid953005 +  112s]   FuXi clima: TP=ok, Z500=ok
[2019-08-15 pid953005 +  112s]   ECMWF clima: TP=ok, Z500=ok
[2019-08-15 pid953005 +  112s] data loaded -> scoring weekly + daily ...
[2019-09-12 pid953011 +  112s]   FuXi clima: TP=ok, Z500=ok
[2019-09-12 pid953011 +  112s]   ECMWF clima: TP=ok, Z500=ok
[2019-09-12 pid953011 +  112s] data loaded -> scoring weekly + daily ...
[2019-09-01 pid953010 +  113s]   weekly Week 3 done (120 det rows so far)
[2019-06-02 pid952984 +  113s]   weekly Week 1 done (40 det rows so far)
[2019-09-15 pid953014 +  113s]   weekly Week 1 done (40 det rows so far)
[2019-08-25 pid953008 +  114s]   weekly Week 1 done (40 det rows so far)
[2019-08-08 pid953003 +  114s] loading model-own climatologies (FuXi, ECMWF)...
[2019-08-22 pid953007 +  114s]   weekly Week 1 done (40 det rows so far)
[2019-08-29 pid953009 +  114s]   weekly Week 1 done (40 det rows so far)
[2019-08-08 pid953003 +  114s]   FuXi clima: TP=ok, Z500=ok
[2019-08-08 pid953003 +  114s]   ECMWF clima: TP=ok, Z500=ok
[2019-08-08 pid953003 +  114s] data loaded -> scoring weekly + daily ...
[2019-09-29 pid953018 +  114s]   weekly Week 1 done (40 det rows so far)
[2019-09-05 pid953012 +  115s]   weekly Week 1 done (40 det rows so far)
[2019-09-22 pid953016 +  115s]   weekly Week 4 done (160 det rows so far)
[2019-09-19 pid953015 +  115s]   weekly Week 1 done (40 det rows so far)
[2019-09-26 pid953017 +  116s]   weekly Week 1 done (40 det rows so far)
[2019-09-08 pid953013 +  116s]   weekly Week 4 done (160 det rows so far)
[2019-08-11 pid953004 +  116s]   weekly Week 1 done (40 det rows so far)
[2019-08-18 pid953006 +  116s]   weekly Week 1 done (40 det rows so far)
[2019-08-15 pid953005 +  116s]   weekly Week 1 done (40 det rows so far)
[2019-09-01 pid953010 +  116s]   weekly Week 4 done (160 det rows so far)
[2019-09-12 pid953011 +  116s]   weekly Week 1 done (40 det rows so far)
[2019-06-02 pid952984 +  116s]   weekly Week 2 done (80 det rows so far)
[2019-09-15 pid953014 +  117s]   weekly Week 2 done (80 det rows so far)
[2019-08-25 pid953008 +  117s]   weekly Week 2 done (80 det rows so far)
[2019-08-22 pid953007 +  118s]   weekly Week 2 done (80 det rows so far)
[2019-08-29 pid953009 +  118s]   weekly Week 2 done (80 det rows so far)
[2019-08-08 pid953003 +  118s]   weekly Week 1 done (40 det rows so far)
[2019-09-29 pid953018 +  118s]   weekly Week 2 done (80 det rows so far)
[2019-09-05 pid953012 +  118s]   weekly Week 2 done (80 det rows so far)
[2019-09-22 pid953016 +  119s]   weekly Week 5 done (200 det rows so far)
[2019-09-08 pid953013 +  119s]   weekly Week 5 done (200 det rows so far)
[2019-09-19 pid953015 +  119s]   weekly Week 2 done (80 det rows so far)
[2019-08-11 pid953004 +  119s]   weekly Week 2 done (80 det rows so far)
[2019-09-26 pid953017 +  119s]   weekly Week 2 done (80 det rows so far)
[2019-09-01 pid953010 +  119s]   weekly Week 5 done (200 det rows so far)
[2019-08-18 pid953006 +  119s]   weekly Week 2 done (80 det rows so far)
[2019-08-15 pid953005 +  120s]   weekly Week 2 done (80 det rows so far)
[2019-06-02 pid952984 +  120s]   weekly Week 3 done (120 det rows so far)
[2019-09-12 pid953011 +  120s]   weekly Week 2 done (80 det rows so far)
[2019-09-15 pid953014 +  120s]   weekly Week 3 done (120 det rows so far)
[2019-08-25 pid953008 +  121s]   weekly Week 3 done (120 det rows so far)
[2019-08-22 pid953007 +  121s]   weekly Week 3 done (120 det rows so far)
[2019-08-29 pid953009 +  121s]   weekly Week 3 done (120 det rows so far)
[2019-08-08 pid953003 +  121s]   weekly Week 2 done (80 det rows so far)
[2019-09-29 pid953018 +  122s]   weekly Week 3 done (120 det rows so far)
[2019-09-05 pid953012 +  122s]   weekly Week 3 done (120 det rows so far)
[2019-09-22 pid953016 +  122s]   weekly Week 6 done (240 det rows so far)
[2019-09-22 pid953016 +  122s] WEEKLY complete -> 240 det / 120 prob / 360 brier
[2019-09-08 pid953013 +  122s]   weekly Week 6 done (240 det rows so far)
[2019-09-08 pid953013 +  122s] WEEKLY complete -> 240 det / 120 prob / 360 brier
[2019-09-19 pid953015 +  122s]   weekly Week 3 done (120 det rows so far)
[2019-08-11 pid953004 +  122s]   weekly Week 3 done (120 det rows so far)
[2019-09-26 pid953017 +  123s]   weekly Week 3 done (120 det rows so far)
[2019-08-18 pid953006 +  123s]   weekly Week 3 done (120 det rows so far)
[2019-09-01 pid953010 +  123s]   weekly Week 6 done (240 det rows so far)
[2019-09-01 pid953010 +  123s] WEEKLY complete -> 240 det / 120 prob / 360 brier
[2019-06-02 pid952984 +  123s]   weekly Week 4 done (160 det rows so far)
[2019-08-15 pid953005 +  123s]   weekly Week 3 done (120 det rows so far)
[2019-09-12 pid953011 +  123s]   weekly Week 3 done (120 det rows so far)
[2019-09-15 pid953014 +  124s]   weekly Week 4 done (160 det rows so far)
[2019-08-25 pid953008 +  124s]   weekly Week 4 done (160 det rows so far)
[2019-08-22 pid953007 +  125s]   weekly Week 4 done (160 det rows so far)
[2019-08-08 pid953003 +  125s]   weekly Week 3 done (120 det rows so far)
[2019-08-29 pid953009 +  125s]   weekly Week 4 done (160 det rows so far)
[2019-09-29 pid953018 +  125s]   weekly Week 4 done (160 det rows so far)
[2019-09-05 pid953012 +  125s]   weekly Week 4 done (160 det rows so far)
[2019-09-19 pid953015 +  126s]   weekly Week 4 done (160 det rows so far)
[2019-08-11 pid953004 +  126s]   weekly Week 4 done (160 det rows so far)
[2019-09-26 pid953017 +  126s]   weekly Week 4 done (160 det rows so far)
[2019-08-18 pid953006 +  126s]   weekly Week 4 done (160 det rows so far)
[2019-06-02 pid952984 +  126s]   weekly Week 5 done (200 det rows so far)
[2019-08-15 pid953005 +  127s]   weekly Week 4 done (160 det rows so far)
[2019-09-12 pid953011 +  127s]   weekly Week 4 done (160 det rows so far)
[2019-09-15 pid953014 +  127s]   weekly Week 5 done (200 det rows so far)
[2019-08-25 pid953008 +  128s]   weekly Week 5 done (200 det rows so far)
[2019-08-22 pid953007 +  128s]   weekly Week 5 done (200 det rows so far)
[2019-08-08 pid953003 +  128s]   weekly Week 4 done (160 det rows so far)
[2019-08-29 pid953009 +  128s]   weekly Week 5 done (200 det rows so far)
[2019-09-29 pid953018 +  129s]   weekly Week 5 done (200 det rows so far)
[2019-09-05 pid953012 +  129s]   weekly Week 5 done (200 det rows so far)
[2019-09-19 pid953015 +  129s]   weekly Week 5 done (200 det rows so far)
[2019-08-11 pid953004 +  129s]   weekly Week 5 done (200 det rows so far)
[2019-09-26 pid953017 +  130s]   weekly Week 5 done (200 det rows so far)
[2019-08-18 pid953006 +  130s]   weekly Week 5 done (200 det rows so far)
[2019-06-02 pid952984 +  130s]   weekly Week 6 done (240 det rows so far)
[2019-06-02 pid952984 +  130s] WEEKLY complete -> 240 det / 120 prob / 360 brier
[2019-08-15 pid953005 +  130s]   weekly Week 5 done (200 det rows so far)
[2019-09-12 pid953011 +  130s]   weekly Week 5 done (200 det rows so far)
[2019-09-15 pid953014 +  131s]   weekly Week 6 done (240 det rows so far)
[2019-09-15 pid953014 +  131s] WEEKLY complete -> 240 det / 120 prob / 360 brier
[2019-08-25 pid953008 +  131s]   weekly Week 6 done (240 det rows so far)
[2019-08-25 pid953008 +  131s] WEEKLY complete -> 240 det / 120 prob / 360 brier
[2019-08-08 pid953003 +  132s]   weekly Week 5 done (200 det rows so far)
[2019-08-22 pid953007 +  132s]   weekly Week 6 done (240 det rows so far)
[2019-08-22 pid953007 +  132s] WEEKLY complete -> 240 det / 120 prob / 360 brier
[2019-08-29 pid953009 +  132s]   weekly Week 6 done (240 det rows so far)
[2019-08-29 pid953009 +  132s] WEEKLY complete -> 240 det / 120 prob / 360 brier
[2019-09-05 pid953012 +  132s]   weekly Week 6 done (240 det rows so far)
[2019-09-05 pid953012 +  132s] WEEKLY complete -> 240 det / 120 prob / 360 brier
[2019-09-29 pid953018 +  132s]   weekly Week 6 done (240 det rows so far)
[2019-09-29 pid953018 +  132s] WEEKLY complete -> 240 det / 120 prob / 360 brier
[2019-09-19 pid953015 +  133s]   weekly Week 6 done (240 det rows so far)
[2019-09-19 pid953015 +  133s] WEEKLY complete -> 240 det / 120 prob / 360 brier
[2019-08-11 pid953004 +  133s]   weekly Week 6 done (240 det rows so far)
[2019-08-11 pid953004 +  133s] WEEKLY complete -> 240 det / 120 prob / 360 brier
[2019-09-26 pid953017 +  133s]   weekly Week 6 done (240 det rows so far)
[2019-09-26 pid953017 +  133s] WEEKLY complete -> 240 det / 120 prob / 360 brier
[2019-08-18 pid953006 +  133s]   weekly Week 6 done (240 det rows so far)
[2019-08-18 pid953006 +  133s] WEEKLY complete -> 240 det / 120 prob / 360 brier
[2019-08-15 pid953005 +  134s]   weekly Week 6 done (240 det rows so far)
[2019-08-15 pid953005 +  134s] WEEKLY complete -> 240 det / 120 prob / 360 brier
[2019-09-12 pid953011 +  134s]   weekly Week 6 done (240 det rows so far)
[2019-09-12 pid953011 +  134s] WEEKLY complete -> 240 det / 120 prob / 360 brier
[2019-08-08 pid953003 +  135s]   weekly Week 6 done (240 det rows so far)
[2019-08-08 pid953003 +  135s] WEEKLY complete -> 240 det / 120 prob / 360 brier
[2019-09-22 pid953016 +  141s]   daily lead 7/42 done
[2019-09-08 pid953013 +  142s]   daily lead 7/42 done
[2019-09-01 pid953010 +  143s]   daily lead 7/42 done
[2019-06-02 pid952984 +  150s]   daily lead 7/42 done
[2019-09-15 pid953014 +  151s]   daily lead 7/42 done
[2019-08-25 pid953008 +  152s]   daily lead 7/42 done
[2019-08-22 pid953007 +  152s]   daily lead 7/42 done
[2019-08-29 pid953009 +  152s]   daily lead 7/42 done
[2019-09-05 pid953012 +  153s]   daily lead 7/42 done
[2019-09-19 pid953015 +  153s]   daily lead 7/42 done
[2019-09-29 pid953018 +  153s]   daily lead 7/42 done
[2019-08-11 pid953004 +  154s]   daily lead 7/42 done
[2019-09-26 pid953017 +  154s]   daily lead 7/42 done
[2019-08-18 pid953006 +  154s]   daily lead 7/42 done
[2019-08-15 pid953005 +  154s]   daily lead 7/42 done
[2019-09-12 pid953011 +  154s]   daily lead 7/42 done
[2019-08-08 pid953003 +  156s]   daily lead 7/42 done
[2019-09-22 pid953016 +  161s]   daily lead 14/42 done
[2019-09-08 pid953013 +  161s]   daily lead 14/42 done
[2019-09-01 pid953010 +  162s]   daily lead 14/42 done
[2019-06-02 pid952984 +  170s]   daily lead 14/42 done
[2019-08-04 pid953002 +  172s]   FuXi: TP=42d, Z500=42d
[2019-08-04 pid953002 +  172s] loading ECMWF...
[2019-09-15 pid953014 +  172s]   daily lead 14/42 done
[2019-08-25 pid953008 +  172s]   daily lead 14/42 done
[2019-08-22 pid953007 +  173s]   daily lead 14/42 done
[2019-09-19 pid953015 +  173s]   daily lead 14/42 done
[2019-08-29 pid953009 +  173s]   daily lead 14/42 done
[2019-09-05 pid953012 +  173s]   daily lead 14/42 done
[2019-09-29 pid953018 +  173s]   daily lead 14/42 done
[2019-08-11 pid953004 +  174s]   daily lead 14/42 done
[2019-09-26 pid953017 +  174s]   daily lead 14/42 done
[2019-08-18 pid953006 +  175s]   daily lead 14/42 done
[2019-09-12 pid953011 +  175s]   daily lead 14/42 done
[2019-08-15 pid953005 +  175s]   daily lead 14/42 done
[2019-08-01 pid953001 +  175s]   FuXi: TP=42d, Z500=42d
[2019-08-01 pid953001 +  175s] loading ECMWF...
[2019-07-28 pid953000 +  175s]   FuXi: TP=42d, Z500=42d
[2019-07-28 pid953000 +  175s] loading ECMWF...
[2019-07-25 pid952999 +  176s]   FuXi: TP=42d, Z500=42d
[2019-07-25 pid952999 +  176s] loading ECMWF...
[2019-08-08 pid953003 +  176s]   daily lead 14/42 done
[2019-07-21 pid952998 +  176s]   FuXi: TP=42d, Z500=42d
[2019-07-21 pid952998 +  176s] loading ECMWF...
[2019-07-18 pid952997 +  179s]   FuXi: TP=42d, Z500=42d
[2019-07-18 pid952997 +  179s] loading ECMWF...
[2019-09-22 pid953016 +  180s]   daily lead 21/42 done
[2019-09-08 pid953013 +  180s]   daily lead 21/42 done
[2019-09-01 pid953010 +  182s]   daily lead 21/42 done
[2019-07-07 pid952994 +  183s]   FuXi: TP=42d, Z500=42d
[2019-07-07 pid952994 +  183s] loading ECMWF...
[2019-07-14 pid952996 +  184s]   FuXi: TP=42d, Z500=42d
[2019-07-14 pid952996 +  184s] loading ECMWF...
[2019-07-04 pid952993 +  185s]   FuXi: TP=42d, Z500=42d
[2019-07-04 pid952993 +  185s] loading ECMWF...
[2019-06-06 pid952985 +  187s]   FuXi: TP=42d, Z500=42d
[2019-06-06 pid952985 +  187s] loading ECMWF...
[2019-06-16 pid952988 +  187s]   FuXi: TP=42d, Z500=42d
[2019-06-16 pid952988 +  187s] loading ECMWF...
[2019-06-30 pid952992 +  187s]   FuXi: TP=42d, Z500=42d
[2019-06-30 pid952992 +  187s] loading ECMWF...
[2019-06-27 pid952991 +  188s]   FuXi: TP=42d, Z500=42d
[2019-06-27 pid952991 +  188s] loading ECMWF...
[2019-07-11 pid952995 +  188s]   FuXi: TP=42d, Z500=42d
[2019-07-11 pid952995 +  188s] loading ECMWF...
[2019-06-09 pid952986 +  188s]   FuXi: TP=42d, Z500=42d
[2019-06-09 pid952986 +  188s] loading ECMWF...
[2019-06-20 pid952989 +  189s]   FuXi: TP=42d, Z500=42d
[2019-06-20 pid952989 +  189s] loading ECMWF...
[2019-06-13 pid952987 +  190s]   FuXi: TP=42d, Z500=42d
[2019-06-13 pid952987 +  190s] loading ECMWF...
[2019-06-23 pid952990 +  190s]   FuXi: TP=42d, Z500=42d
[2019-06-23 pid952990 +  190s] loading ECMWF...
[2019-06-02 pid952984 +  190s]   daily lead 21/42 done
[2019-09-19 pid953015 +  193s]   daily lead 21/42 done
[2019-09-15 pid953014 +  193s]   daily lead 21/42 done
[2019-08-25 pid953008 +  194s]   daily lead 21/42 done
[2019-08-29 pid953009 +  194s]   daily lead 21/42 done
[2019-08-22 pid953007 +  194s]   daily lead 21/42 done
[2019-09-29 pid953018 +  195s]   daily lead 21/42 done
[2019-09-05 pid953012 +  195s]   daily lead 21/42 done
[2019-09-26 pid953017 +  195s]   daily lead 21/42 done
[2019-08-11 pid953004 +  195s]   daily lead 21/42 done
[2019-08-18 pid953006 +  196s]   daily lead 21/42 done
[2019-09-12 pid953011 +  196s]   daily lead 21/42 done
[2019-08-15 pid953005 +  197s]   daily lead 21/42 done
[2019-08-08 pid953003 +  198s]   daily lead 21/42 done
[2019-09-22 pid953016 +  199s]   daily lead 28/42 done
[2019-09-08 pid953013 +  199s]   daily lead 28/42 done
[2019-09-01 pid953010 +  201s]   daily lead 28/42 done
[2019-06-02 pid952984 +  212s]   daily lead 28/42 done
[2019-08-29 pid953009 +  215s]   daily lead 28/42 done
[2019-09-15 pid953014 +  215s]   daily lead 28/42 done
[2019-09-29 pid953018 +  216s]   daily lead 28/42 done
[2019-08-25 pid953008 +  216s]   daily lead 28/42 done
[2019-09-19 pid953015 +  216s]   daily lead 28/42 done
[2019-08-22 pid953007 +  216s]   daily lead 28/42 done
[2019-09-26 pid953017 +  217s]   daily lead 28/42 done
[2019-08-11 pid953004 +  217s]   daily lead 28/42 done
[2019-09-05 pid953012 +  217s]   daily lead 28/42 done
[2019-09-12 pid953011 +  218s]   daily lead 28/42 done
[2019-09-22 pid953016 +  218s]   daily lead 35/42 done
[2019-08-15 pid953005 +  218s]   daily lead 28/42 done
[2019-08-04 pid953002 +  218s]   ECMWF: TP=ok, Z500=ok
[2019-08-18 pid953006 +  219s]   daily lead 28/42 done
[2019-09-08 pid953013 +  219s]   daily lead 35/42 done
[2019-07-07 pid952994 +  219s]   ECMWF: TP=ok, Z500=ok
[2019-08-08 pid953003 +  219s]   daily lead 28/42 done
[2019-09-01 pid953010 +  221s]   daily lead 35/42 done
[2019-08-01 pid953001 +  221s]   ECMWF: TP=ok, Z500=ok
[2019-07-21 pid952998 +  221s]   ECMWF: TP=ok, Z500=ok
[2019-07-25 pid952999 +  221s]   ECMWF: TP=ok, Z500=ok
[2019-07-28 pid953000 +  222s]   ECMWF: TP=ok, Z500=ok
[2019-07-18 pid952997 +  225s]   ECMWF: TP=ok, Z500=ok
[2019-08-04 pid953002 +  225s] loading model-own climatologies (FuXi, ECMWF)...
[2019-08-04 pid953002 +  226s]   FuXi clima: TP=ok, Z500=ok
[2019-08-04 pid953002 +  226s]   ECMWF clima: TP=ok, Z500=ok
[2019-08-04 pid953002 +  226s] data loaded -> scoring weekly + daily ...
[2019-07-07 pid952994 +  226s] loading model-own climatologies (FuXi, ECMWF)...
[2019-07-07 pid952994 +  226s]   FuXi clima: TP=ok, Z500=ok
[2019-07-07 pid952994 +  226s]   ECMWF clima: TP=ok, Z500=ok
[2019-07-07 pid952994 +  226s] data loaded -> scoring weekly + daily ...
[2019-08-01 pid953001 +  228s] loading model-own climatologies (FuXi, ECMWF)...
[2019-08-01 pid953001 +  228s]   FuXi clima: TP=ok, Z500=ok
[2019-08-01 pid953001 +  228s]   ECMWF clima: TP=ok, Z500=ok
[2019-08-01 pid953001 +  228s] data loaded -> scoring weekly + daily ...
[2019-07-21 pid952998 +  228s] loading model-own climatologies (FuXi, ECMWF)...
[2019-07-25 pid952999 +  228s] loading model-own climatologies (FuXi, ECMWF)...
[2019-07-21 pid952998 +  228s]   FuXi clima: TP=ok, Z500=ok
[2019-07-21 pid952998 +  228s]   ECMWF clima: TP=ok, Z500=ok
[2019-07-21 pid952998 +  228s] data loaded -> scoring weekly + daily ...
[2019-07-25 pid952999 +  229s]   FuXi clima: TP=ok, Z500=ok
[2019-07-25 pid952999 +  229s]   ECMWF clima: TP=ok, Z500=ok
[2019-07-25 pid952999 +  229s] data loaded -> scoring weekly + daily ...
[2019-07-28 pid953000 +  229s] loading model-own climatologies (FuXi, ECMWF)...
[2019-07-28 pid953000 +  229s]   FuXi clima: TP=ok, Z500=ok
[2019-07-28 pid953000 +  229s]   ECMWF clima: TP=ok, Z500=ok
[2019-07-28 pid953000 +  229s] data loaded -> scoring weekly + daily ...
[2019-07-07 pid952994 +  229s]   weekly Week 1 done (40 det rows so far)
[2019-08-04 pid953002 +  229s]   weekly Week 1 done (40 det rows so far)
[2019-07-14 pid952996 +  231s]   ECMWF: TP=ok, Z500=ok
[2019-07-18 pid952997 +  232s] loading model-own climatologies (FuXi, ECMWF)...
[2019-07-04 pid952993 +  232s]   ECMWF: TP=ok, Z500=ok
[2019-08-01 pid953001 +  232s]   weekly Week 1 done (40 det rows so far)
[2019-07-18 pid952997 +  232s]   FuXi clima: TP=ok, Z500=ok
[2019-07-18 pid952997 +  232s]   ECMWF clima: TP=ok, Z500=ok
[2019-07-18 pid952997 +  232s] data loaded -> scoring weekly + daily ...
[2019-07-21 pid952998 +  232s]   weekly Week 1 done (40 det rows so far)
[2019-07-25 pid952999 +  232s]   weekly Week 1 done (40 det rows so far)
[2019-07-07 pid952994 +  233s]   weekly Week 2 done (80 det rows so far)
[2019-08-04 pid953002 +  233s]   weekly Week 2 done (80 det rows so far)
[2019-07-28 pid953000 +  233s]   weekly Week 1 done (40 det rows so far)
[2019-06-30 pid952992 +  233s]   ECMWF: TP=ok, Z500=ok
[2019-06-06 pid952985 +  233s]   ECMWF: TP=ok, Z500=ok
[2019-06-02 pid952984 +  234s]   daily lead 35/42 done
[2019-06-23 pid952990 +  235s]   ECMWF: TP=ok, Z500=ok
[2019-08-01 pid953001 +  235s]   weekly Week 2 done (80 det rows so far)
[2019-07-11 pid952995 +  236s]   ECMWF: TP=ok, Z500=ok
[2019-07-21 pid952998 +  236s]   weekly Week 2 done (80 det rows so far)
[2019-07-07 pid952994 +  236s]   weekly Week 3 done (120 det rows so far)
[2019-07-25 pid952999 +  236s]   weekly Week 2 done (80 det rows so far)
[2019-07-18 pid952997 +  236s]   weekly Week 1 done (40 det rows so far)
[2019-06-13 pid952987 +  236s]   ECMWF: TP=ok, Z500=ok
[2019-06-16 pid952988 +  236s]   ECMWF: TP=ok, Z500=ok
[2019-06-09 pid952986 +  237s]   ECMWF: TP=ok, Z500=ok
[2019-08-04 pid953002 +  237s]   weekly Week 3 done (120 det rows so far)
[2019-07-28 pid953000 +  237s]   weekly Week 2 done (80 det rows so far)
[2019-06-20 pid952989 +  237s]   ECMWF: TP=ok, Z500=ok
[2019-08-29 pid953009 +  237s]   daily lead 35/42 done
[2019-09-15 pid953014 +  237s]   daily lead 35/42 done
[2019-06-27 pid952991 +  237s]   ECMWF: TP=ok, Z500=ok
[2019-09-22 pid953016 +  238s]   daily lead 42/42 done
[2019-09-22 pid953016 +  238s] DONE init 2019-09-22: 1920 det / 960 prob / 360 brier rows
>>> PROGRESS 1/35 inits  elapsed=4.0m  ETA=134.7m
[2019-09-29 pid953018 +  238s]   daily lead 35/42 done
[2019-09-08 pid953013 +  238s]   daily lead 42/42 done
[2019-09-08 pid953013 +  238s] DONE init 2019-09-08: 1920 det / 960 prob / 360 brier rows
>>> PROGRESS 2/35 inits  elapsed=4.0m  ETA=65.5m
[2019-08-25 pid953008 +  238s]   daily lead 35/42 done
[2019-09-19 pid953015 +  238s]   daily lead 35/42 done
[2019-08-22 pid953007 +  238s]   daily lead 35/42 done
[2019-07-14 pid952996 +  239s] loading model-own climatologies (FuXi, ECMWF)...
[2019-09-26 pid953017 +  239s]   daily lead 35/42 done
[2019-08-11 pid953004 +  239s]   daily lead 35/42 done
[2019-09-05 pid953012 +  239s]   daily lead 35/42 done
[2019-07-14 pid952996 +  239s]   FuXi clima: TP=ok, Z500=ok
[2019-07-14 pid952996 +  239s]   ECMWF clima: TP=ok, Z500=ok
[2019-07-14 pid952996 +  239s] data loaded -> scoring weekly + daily ...
[2019-07-04 pid952993 +  239s] loading model-own climatologies (FuXi, ECMWF)...
[2019-08-01 pid953001 +  239s]   weekly Week 3 done (120 det rows so far)
[2019-07-07 pid952994 +  239s]   weekly Week 4 done (160 det rows so far)
[2019-07-04 pid952993 +  239s]   FuXi clima: TP=ok, Z500=ok
[2019-07-04 pid952993 +  239s]   ECMWF clima: TP=ok, Z500=ok
[2019-07-04 pid952993 +  239s] data loaded -> scoring weekly + daily ...
[2019-07-21 pid952998 +  239s]   weekly Week 3 done (120 det rows so far)
[2019-07-25 pid952999 +  240s]   weekly Week 3 done (120 det rows so far)
[2019-07-18 pid952997 +  240s]   weekly Week 2 done (80 det rows so far)
[2019-06-30 pid952992 +  240s] loading model-own climatologies (FuXi, ECMWF)...
[2019-09-12 pid953011 +  240s]   daily lead 35/42 done
[2019-06-30 pid952992 +  240s]   FuXi clima: TP=ok, Z500=ok
[2019-06-30 pid952992 +  240s]   ECMWF clima: TP=ok, Z500=ok
[2019-06-30 pid952992 +  240s] data loaded -> scoring weekly + daily ...
[2019-08-15 pid953005 +  240s]   daily lead 35/42 done
[2019-08-04 pid953002 +  241s]   weekly Week 4 done (160 det rows so far)
[2019-09-01 pid953010 +  241s]   daily lead 42/42 done
[2019-09-01 pid953010 +  241s] DONE init 2019-09-01: 1920 det / 960 prob / 360 brier rows
[2019-06-06 pid952985 +  241s] loading model-own climatologies (FuXi, ECMWF)...
>>> PROGRESS 3/35 inits  elapsed=4.0m  ETA=42.8m
[2019-07-28 pid953000 +  241s]   weekly Week 3 done (120 det rows so far)
[2019-06-06 pid952985 +  241s]   FuXi clima: TP=ok, Z500=ok
[2019-06-06 pid952985 +  241s]   ECMWF clima: TP=ok, Z500=ok
[2019-06-06 pid952985 +  241s] data loaded -> scoring weekly + daily ...
[2019-08-18 pid953006 +  241s]   daily lead 35/42 done
[2019-08-08 pid953003 +  242s]   daily lead 35/42 done
[2019-06-23 pid952990 +  242s] loading model-own climatologies (FuXi, ECMWF)...
[2019-07-07 pid952994 +  242s]   weekly Week 5 done (200 det rows so far)
[2019-06-23 pid952990 +  242s]   FuXi clima: TP=ok, Z500=ok
[2019-06-23 pid952990 +  242s]   ECMWF clima: TP=ok, Z500=ok
[2019-06-23 pid952990 +  242s] data loaded -> scoring weekly + daily ...
[2019-07-14 pid952996 +  243s]   weekly Week 1 done (40 det rows so far)
[2019-08-01 pid953001 +  243s]   weekly Week 4 done (160 det rows so far)
[2019-06-16 pid952988 +  243s] loading model-own climatologies (FuXi, ECMWF)...
[2019-07-04 pid952993 +  243s]   weekly Week 1 done (40 det rows so far)
[2019-07-25 pid952999 +  243s]   weekly Week 4 done (160 det rows so far)
[2019-07-11 pid952995 +  243s] loading model-own climatologies (FuXi, ECMWF)...
[2019-07-21 pid952998 +  243s]   weekly Week 4 done (160 det rows so far)
[2019-06-16 pid952988 +  243s]   FuXi clima: TP=ok, Z500=ok
[2019-06-16 pid952988 +  243s]   ECMWF clima: TP=ok, Z500=ok
[2019-06-16 pid952988 +  243s] data loaded -> scoring weekly + daily ...
[2019-06-13 pid952987 +  243s] loading model-own climatologies (FuXi, ECMWF)...
[2019-07-11 pid952995 +  244s]   FuXi clima: TP=ok, Z500=ok
[2019-07-11 pid952995 +  244s]   ECMWF clima: TP=ok, Z500=ok
[2019-07-11 pid952995 +  244s] data loaded -> scoring weekly + daily ...
[2019-07-18 pid952997 +  244s]   weekly Week 3 done (120 det rows so far)
[2019-06-09 pid952986 +  244s] loading model-own climatologies (FuXi, ECMWF)...
[2019-06-13 pid952987 +  244s]   FuXi clima: TP=ok, Z500=ok
[2019-06-13 pid952987 +  244s]   ECMWF clima: TP=ok, Z500=ok
[2019-06-13 pid952987 +  244s] data loaded -> scoring weekly + daily ...
[2019-06-09 pid952986 +  244s]   FuXi clima: TP=ok, Z500=ok
[2019-06-09 pid952986 +  244s]   ECMWF clima: TP=ok, Z500=ok
[2019-06-09 pid952986 +  244s] data loaded -> scoring weekly + daily ...
[2019-06-30 pid952992 +  244s]   weekly Week 1 done (40 det rows so far)
[2019-08-04 pid953002 +  244s]   weekly Week 5 done (200 det rows so far)
[2019-06-20 pid952989 +  244s] loading model-own climatologies (FuXi, ECMWF)...
[2019-07-28 pid953000 +  244s]   weekly Week 4 done (160 det rows so far)
[2019-06-06 pid952985 +  245s]   weekly Week 1 done (40 det rows so far)
[2019-06-20 pid952989 +  245s]   FuXi clima: TP=ok, Z500=ok
[2019-06-20 pid952989 +  245s]   ECMWF clima: TP=ok, Z500=ok
[2019-06-20 pid952989 +  245s] data loaded -> scoring weekly + daily ...
[2019-06-27 pid952991 +  245s] loading model-own climatologies (FuXi, ECMWF)...
[2019-07-07 pid952994 +  246s]   weekly Week 6 done (240 det rows so far)
[2019-07-07 pid952994 +  246s] WEEKLY complete -> 240 det / 120 prob / 360 brier
[2019-06-27 pid952991 +  246s]   FuXi clima: TP=ok, Z500=ok
[2019-06-27 pid952991 +  246s]   ECMWF clima: TP=ok, Z500=ok
[2019-06-27 pid952991 +  246s] data loaded -> scoring weekly + daily ...
[2019-06-23 pid952990 +  246s]   weekly Week 1 done (40 det rows so far)
[2019-08-01 pid953001 +  246s]   weekly Week 5 done (200 det rows so far)
[2019-07-14 pid952996 +  246s]   weekly Week 2 done (80 det rows so far)
[2019-07-25 pid952999 +  247s]   weekly Week 5 done (200 det rows so far)
[2019-07-04 pid952993 +  247s]   weekly Week 2 done (80 det rows so far)
[2019-07-21 pid952998 +  247s]   weekly Week 5 done (200 det rows so far)
[2019-06-16 pid952988 +  247s]   weekly Week 1 done (40 det rows so far)
[2019-07-11 pid952995 +  247s]   weekly Week 1 done (40 det rows so far)
[2019-07-18 pid952997 +  247s]   weekly Week 4 done (160 det rows so far)
[2019-06-13 pid952987 +  248s]   weekly Week 1 done (40 det rows so far)
[2019-06-30 pid952992 +  248s]   weekly Week 2 done (80 det rows so far)
[2019-06-09 pid952986 +  248s]   weekly Week 1 done (40 det rows so far)
[2019-08-04 pid953002 +  248s]   weekly Week 6 done (240 det rows so far)
[2019-08-04 pid953002 +  248s] WEEKLY complete -> 240 det / 120 prob / 360 brier
[2019-07-28 pid953000 +  248s]   weekly Week 5 done (200 det rows so far)
[2019-06-06 pid952985 +  248s]   weekly Week 2 done (80 det rows so far)
[2019-06-20 pid952989 +  248s]   weekly Week 1 done (40 det rows so far)
[2019-06-27 pid952991 +  249s]   weekly Week 1 done (40 det rows so far)
[2019-06-23 pid952990 +  250s]   weekly Week 2 done (80 det rows so far)
[2019-07-14 pid952996 +  250s]   weekly Week 3 done (120 det rows so far)
[2019-08-01 pid953001 +  250s]   weekly Week 6 done (240 det rows so far)
[2019-08-01 pid953001 +  250s] WEEKLY complete -> 240 det / 120 prob / 360 brier
[2019-07-25 pid952999 +  251s]   weekly Week 6 done (240 det rows so far)
[2019-07-25 pid952999 +  251s] WEEKLY complete -> 240 det / 120 prob / 360 brier
[2019-07-04 pid952993 +  251s]   weekly Week 3 done (120 det rows so far)
[2019-07-21 pid952998 +  251s]   weekly Week 6 done (240 det rows so far)
[2019-07-21 pid952998 +  251s] WEEKLY complete -> 240 det / 120 prob / 360 brier
[2019-06-16 pid952988 +  251s]   weekly Week 2 done (80 det rows so far)
[2019-07-11 pid952995 +  251s]   weekly Week 2 done (80 det rows so far)
[2019-07-18 pid952997 +  251s]   weekly Week 5 done (200 det rows so far)
[2019-06-13 pid952987 +  251s]   weekly Week 2 done (80 det rows so far)
[2019-06-30 pid952992 +  251s]   weekly Week 3 done (120 det rows so far)
[2019-06-09 pid952986 +  252s]   weekly Week 2 done (80 det rows so far)
[2019-07-28 pid953000 +  252s]   weekly Week 6 done (240 det rows so far)
[2019-07-28 pid953000 +  252s] WEEKLY complete -> 240 det / 120 prob / 360 brier
[2019-06-06 pid952985 +  252s]   weekly Week 3 done (120 det rows so far)
[2019-06-20 pid952989 +  252s]   weekly Week 2 done (80 det rows so far)
[2019-06-27 pid952991 +  253s]   weekly Week 2 done (80 det rows so far)
[2019-06-23 pid952990 +  254s]   weekly Week 3 done (120 det rows so far)
[2019-07-14 pid952996 +  254s]   weekly Week 4 done (160 det rows so far)
[2019-07-04 pid952993 +  254s]   weekly Week 4 done (160 det rows so far)
[2019-06-16 pid952988 +  255s]   weekly Week 3 done (120 det rows so far)
[2019-07-11 pid952995 +  255s]   weekly Week 3 done (120 det rows so far)
[2019-07-18 pid952997 +  255s]   weekly Week 6 done (240 det rows so far)
[2019-07-18 pid952997 +  255s] WEEKLY complete -> 240 det / 120 prob / 360 brier
[2019-06-13 pid952987 +  255s]   weekly Week 3 done (120 det rows so far)
[2019-06-30 pid952992 +  255s]   weekly Week 4 done (160 det rows so far)
[2019-06-09 pid952986 +  255s]   weekly Week 3 done (120 det rows so far)
[2019-06-06 pid952985 +  256s]   weekly Week 4 done (160 det rows so far)
[2019-06-20 pid952989 +  256s]   weekly Week 3 done (120 det rows so far)
[2019-06-02 pid952984 +  256s]   daily lead 42/42 done
[2019-06-02 pid952984 +  256s] DONE init 2019-06-02: 1920 det / 960 prob / 360 brier rows
>>> PROGRESS 4/35 inits  elapsed=4.3m  ETA=33.1m
[2019-06-27 pid952991 +  257s]   weekly Week 3 done (120 det rows so far)
[2019-06-23 pid952990 +  257s]   weekly Week 4 done (160 det rows so far)
[2019-07-14 pid952996 +  258s]   weekly Week 5 done (200 det rows so far)
[2019-07-04 pid952993 +  258s]   weekly Week 5 done (200 det rows so far)
[2019-06-16 pid952988 +  258s]   weekly Week 4 done (160 det rows so far)
[2019-07-11 pid952995 +  258s]   weekly Week 4 done (160 det rows so far)
[2019-06-13 pid952987 +  259s]   weekly Week 4 done (160 det rows so far)
[2019-06-09 pid952986 +  259s]   weekly Week 4 done (160 det rows so far)
[2019-08-29 pid953009 +  259s]   daily lead 42/42 done
[2019-08-29 pid953009 +  259s] DONE init 2019-08-29: 1920 det / 960 prob / 360 brier rows
>>> PROGRESS 5/35 inits  elapsed=4.3m  ETA=25.9m
[2019-06-30 pid952992 +  259s]   weekly Week 5 done (200 det rows so far)
[2019-06-20 pid952989 +  259s]   weekly Week 4 done (160 det rows so far)
[2019-06-06 pid952985 +  259s]   weekly Week 5 done (200 det rows so far)
[2019-09-15 pid953014 +  259s]   daily lead 42/42 done
[2019-09-15 pid953014 +  259s] DONE init 2019-09-15: 1920 det / 960 prob / 360 brier rows
>>> PROGRESS 6/35 inits  elapsed=4.3m  ETA=20.9m
[2019-08-22 pid953007 +  260s]   daily lead 42/42 done
[2019-08-22 pid953007 +  260s] DONE init 2019-08-22: 1920 det / 960 prob / 360 brier rows
>>> PROGRESS 7/35 inits  elapsed=4.3m  ETA=17.3m
[2019-09-29 pid953018 +  260s]   daily lead 42/42 done
[2019-09-29 pid953018 +  260s] DONE init 2019-09-29: 1920 det / 960 prob / 360 brier rows
>>> PROGRESS 8/35 inits  elapsed=4.3m  ETA=14.6m
[2019-09-19 pid953015 +  260s]   daily lead 42/42 done
[2019-09-19 pid953015 +  260s] DONE init 2019-09-19: 1920 det / 960 prob / 360 brier rows
>>> PROGRESS 9/35 inits  elapsed=4.3m  ETA=12.5m
[2019-08-25 pid953008 +  260s]   daily lead 42/42 done
[2019-08-25 pid953008 +  260s] DONE init 2019-08-25: 1920 det / 960 prob / 360 brier rows
>>> PROGRESS 10/35 inits  elapsed=4.3m  ETA=10.9m
[2019-06-27 pid952991 +  260s]   weekly Week 4 done (160 det rows so far)
[2019-09-26 pid953017 +  261s]   daily lead 42/42 done
[2019-09-26 pid953017 +  261s] DONE init 2019-09-26: 1920 det / 960 prob / 360 brier rows
[2019-08-11 pid953004 +  261s]   daily lead 42/42 done
[2019-08-11 pid953004 +  261s] DONE init 2019-08-11: 1920 det / 960 prob / 360 brier rows
>>> PROGRESS 11/35 inits  elapsed=4.3m  ETA=9.5m
>>> PROGRESS 12/35 inits  elapsed=4.3m  ETA=8.3m
[2019-09-05 pid953012 +  261s]   daily lead 42/42 done
[2019-09-05 pid953012 +  261s] DONE init 2019-09-05: 1920 det / 960 prob / 360 brier rows
>>> PROGRESS 13/35 inits  elapsed=4.3m  ETA=7.4m
[2019-06-23 pid952990 +  261s]   weekly Week 5 done (200 det rows so far)
[2019-07-14 pid952996 +  261s]   weekly Week 6 done (240 det rows so far)
[2019-07-14 pid952996 +  261s] WEEKLY complete -> 240 det / 120 prob / 360 brier
[2019-07-04 pid952993 +  262s]   weekly Week 6 done (240 det rows so far)
[2019-07-04 pid952993 +  262s] WEEKLY complete -> 240 det / 120 prob / 360 brier
[2019-06-16 pid952988 +  262s]   weekly Week 5 done (200 det rows so far)
[2019-07-11 pid952995 +  262s]   weekly Week 5 done (200 det rows so far)
[2019-09-12 pid953011 +  262s]   daily lead 42/42 done
[2019-09-12 pid953011 +  262s] DONE init 2019-09-12: 1920 det / 960 prob / 360 brier rows
>>> PROGRESS 14/35 inits  elapsed=4.4m  ETA=6.6m
[2019-06-13 pid952987 +  262s]   weekly Week 5 done (200 det rows so far)
[2019-06-09 pid952986 +  262s]   weekly Week 5 done (200 det rows so far)
[2019-08-15 pid953005 +  262s]   daily lead 42/42 done
[2019-08-15 pid953005 +  262s] DONE init 2019-08-15: 1920 det / 960 prob / 360 brier rows
>>> PROGRESS 15/35 inits  elapsed=4.4m  ETA=5.8m
[2019-06-30 pid952992 +  262s]   weekly Week 6 done (240 det rows so far)
[2019-06-30 pid952992 +  262s] WEEKLY complete -> 240 det / 120 prob / 360 brier
[2019-06-20 pid952989 +  263s]   weekly Week 5 done (200 det rows so far)
[2019-06-06 pid952985 +  263s]   weekly Week 6 done (240 det rows so far)
[2019-06-06 pid952985 +  263s] WEEKLY complete -> 240 det / 120 prob / 360 brier
[2019-08-18 pid953006 +  263s]   daily lead 42/42 done
[2019-08-18 pid953006 +  263s] DONE init 2019-08-18: 1920 det / 960 prob / 360 brier rows
>>> PROGRESS 16/35 inits  elapsed=4.4m  ETA=5.2m
[2019-08-08 pid953003 +  263s]   daily lead 42/42 done
[2019-08-08 pid953003 +  263s] DONE init 2019-08-08: 1920 det / 960 prob / 360 brier rows
>>> PROGRESS 17/35 inits  elapsed=4.4m  ETA=4.7m
[2019-06-27 pid952991 +  264s]   weekly Week 5 done (200 det rows so far)
[2019-06-23 pid952990 +  265s]   weekly Week 6 done (240 det rows so far)
[2019-06-23 pid952990 +  265s] WEEKLY complete -> 240 det / 120 prob / 360 brier
[2019-07-07 pid952994 +  265s]   daily lead 7/42 done
[2019-06-16 pid952988 +  265s]   weekly Week 6 done (240 det rows so far)
[2019-06-16 pid952988 +  265s] WEEKLY complete -> 240 det / 120 prob / 360 brier
[2019-07-11 pid952995 +  265s]   weekly Week 6 done (240 det rows so far)
[2019-07-11 pid952995 +  265s] WEEKLY complete -> 240 det / 120 prob / 360 brier
[2019-06-13 pid952987 +  266s]   weekly Week 6 done (240 det rows so far)
[2019-06-13 pid952987 +  266s] WEEKLY complete -> 240 det / 120 prob / 360 brier
[2019-06-09 pid952986 +  266s]   weekly Week 6 done (240 det rows so far)
[2019-06-09 pid952986 +  266s] WEEKLY complete -> 240 det / 120 prob / 360 brier
[2019-06-20 pid952989 +  266s]   weekly Week 6 done (240 det rows so far)
[2019-06-20 pid952989 +  266s] WEEKLY complete -> 240 det / 120 prob / 360 brier
[2019-06-27 pid952991 +  267s]   weekly Week 6 done (240 det rows so far)
[2019-06-27 pid952991 +  267s] WEEKLY complete -> 240 det / 120 prob / 360 brier
[2019-08-04 pid953002 +  269s]   daily lead 7/42 done
[2019-07-25 pid952999 +  271s]   daily lead 7/42 done
[2019-07-21 pid952998 +  272s]   daily lead 7/42 done
[2019-08-01 pid953001 +  272s]   daily lead 7/42 done
[2019-07-28 pid953000 +  273s]   daily lead 7/42 done
[2019-07-18 pid952997 +  276s]   daily lead 7/42 done
[2019-07-14 pid952996 +  282s]   daily lead 7/42 done
[2019-07-04 pid952993 +  282s]   daily lead 7/42 done
[2019-06-30 pid952992 +  283s]   daily lead 7/42 done
[2019-06-06 pid952985 +  283s]   daily lead 7/42 done
[2019-07-07 pid952994 +  284s]   daily lead 14/42 done
[2019-06-23 pid952990 +  285s]   daily lead 7/42 done
[2019-06-16 pid952988 +  285s]   daily lead 7/42 done
[2019-07-11 pid952995 +  285s]   daily lead 7/42 done
[2019-06-09 pid952986 +  286s]   daily lead 7/42 done
[2019-06-13 pid952987 +  286s]   daily lead 7/42 done
[2019-06-20 pid952989 +  286s]   daily lead 7/42 done
[2019-06-27 pid952991 +  287s]   daily lead 7/42 done
[2019-08-04 pid953002 +  289s]   daily lead 14/42 done
[2019-07-25 pid952999 +  291s]   daily lead 14/42 done
[2019-07-21 pid952998 +  292s]   daily lead 14/42 done
[2019-08-01 pid953001 +  293s]   daily lead 14/42 done
[2019-07-28 pid953000 +  293s]   daily lead 14/42 done
[2019-07-18 pid952997 +  296s]   daily lead 14/42 done
[2019-07-14 pid952996 +  302s]   daily lead 14/42 done
[2019-07-04 pid952993 +  302s]   daily lead 14/42 done
[2019-07-07 pid952994 +  302s]   daily lead 21/42 done
[2019-06-30 pid952992 +  303s]   daily lead 14/42 done
[2019-06-06 pid952985 +  303s]   daily lead 14/42 done
[2019-06-23 pid952990 +  305s]   daily lead 14/42 done
[2019-06-16 pid952988 +  305s]   daily lead 14/42 done
[2019-07-11 pid952995 +  305s]   daily lead 14/42 done
[2019-06-09 pid952986 +  306s]   daily lead 14/42 done
[2019-06-20 pid952989 +  306s]   daily lead 14/42 done
[2019-06-13 pid952987 +  306s]   daily lead 14/42 done
[2019-06-27 pid952991 +  307s]   daily lead 14/42 done
[2019-08-04 pid953002 +  309s]   daily lead 21/42 done
[2019-07-25 pid952999 +  311s]   daily lead 21/42 done
[2019-07-21 pid952998 +  312s]   daily lead 21/42 done
[2019-08-01 pid953001 +  313s]   daily lead 21/42 done
[2019-07-28 pid953000 +  313s]   daily lead 21/42 done
[2019-07-18 pid952997 +  316s]   daily lead 21/42 done
[2019-07-07 pid952994 +  322s]   daily lead 28/42 done
[2019-07-14 pid952996 +  322s]   daily lead 21/42 done
[2019-07-04 pid952993 +  322s]   daily lead 21/42 done
[2019-06-30 pid952992 +  323s]   daily lead 21/42 done
[2019-06-06 pid952985 +  323s]   daily lead 21/42 done
[2019-06-23 pid952990 +  325s]   daily lead 21/42 done
[2019-06-16 pid952988 +  325s]   daily lead 21/42 done
[2019-07-11 pid952995 +  325s]   daily lead 21/42 done
[2019-06-09 pid952986 +  326s]   daily lead 21/42 done
[2019-06-20 pid952989 +  326s]   daily lead 21/42 done
[2019-06-13 pid952987 +  327s]   daily lead 21/42 done
[2019-06-27 pid952991 +  327s]   daily lead 21/42 done
[2019-08-04 pid953002 +  328s]   daily lead 28/42 done
[2019-07-25 pid952999 +  331s]   daily lead 28/42 done
[2019-07-21 pid952998 +  332s]   daily lead 28/42 done
[2019-08-01 pid953001 +  332s]   daily lead 28/42 done
[2019-07-28 pid953000 +  333s]   daily lead 28/42 done
[2019-07-18 pid952997 +  336s]   daily lead 28/42 done
[2019-07-07 pid952994 +  341s]   daily lead 35/42 done
[2019-07-14 pid952996 +  342s]   daily lead 28/42 done
[2019-07-04 pid952993 +  342s]   daily lead 28/42 done
[2019-06-30 pid952992 +  342s]   daily lead 28/42 done
[2019-06-06 pid952985 +  343s]   daily lead 28/42 done
[2019-06-23 pid952990 +  344s]   daily lead 28/42 done
[2019-06-16 pid952988 +  345s]   daily lead 28/42 done
[2019-07-11 pid952995 +  345s]   daily lead 28/42 done
[2019-06-09 pid952986 +  346s]   daily lead 28/42 done
[2019-06-20 pid952989 +  346s]   daily lead 28/42 done
[2019-06-27 pid952991 +  347s]   daily lead 28/42 done
[2019-06-13 pid952987 +  347s]   daily lead 28/42 done
[2019-08-04 pid953002 +  348s]   daily lead 35/42 done
[2019-07-25 pid952999 +  351s]   daily lead 35/42 done
[2019-07-21 pid952998 +  352s]   daily lead 35/42 done
[2019-08-01 pid953001 +  352s]   daily lead 35/42 done
[2019-07-28 pid953000 +  353s]   daily lead 35/42 done
[2019-07-18 pid952997 +  356s]   daily lead 35/42 done
[2019-07-07 pid952994 +  360s]   daily lead 42/42 done
[2019-07-07 pid952994 +  360s] DONE init 2019-07-07: 1920 det / 960 prob / 360 brier rows
>>> PROGRESS 18/35 inits  elapsed=6.0m  ETA=5.7m
[2019-07-14 pid952996 +  362s]   daily lead 35/42 done
[2019-07-04 pid952993 +  362s]   daily lead 35/42 done
[2019-06-30 pid952992 +  362s]   daily lead 35/42 done
[2019-06-06 pid952985 +  363s]   daily lead 35/42 done
[2019-06-23 pid952990 +  364s]   daily lead 35/42 done
[2019-06-16 pid952988 +  364s]   daily lead 35/42 done
[2019-07-11 pid952995 +  365s]   daily lead 35/42 done
[2019-06-09 pid952986 +  366s]   daily lead 35/42 done
[2019-06-20 pid952989 +  366s]   daily lead 35/42 done
[2019-06-27 pid952991 +  367s]   daily lead 35/42 done
[2019-06-13 pid952987 +  367s]   daily lead 35/42 done
[2019-08-04 pid953002 +  368s]   daily lead 42/42 done
[2019-08-04 pid953002 +  368s] DONE init 2019-08-04: 1920 det / 960 prob / 360 brier rows
>>> PROGRESS 19/35 inits  elapsed=6.1m  ETA=5.2m
[2019-07-25 pid952999 +  371s]   daily lead 42/42 done
[2019-07-25 pid952999 +  371s] DONE init 2019-07-25: 1920 det / 960 prob / 360 brier rows
>>> PROGRESS 20/35 inits  elapsed=6.2m  ETA=4.6m
[2019-07-21 pid952998 +  372s]   daily lead 42/42 done
[2019-07-21 pid952998 +  372s] DONE init 2019-07-21: 1920 det / 960 prob / 360 brier rows
>>> PROGRESS 21/35 inits  elapsed=6.2m  ETA=4.1m
[2019-08-01 pid953001 +  372s]   daily lead 42/42 done
[2019-08-01 pid953001 +  372s] DONE init 2019-08-01: 1920 det / 960 prob / 360 brier rows
>>> PROGRESS 22/35 inits  elapsed=6.2m  ETA=3.7m
[2019-07-28 pid953000 +  373s]   daily lead 42/42 done
[2019-07-28 pid953000 +  373s] DONE init 2019-07-28: 1920 det / 960 prob / 360 brier rows
>>> PROGRESS 23/35 inits  elapsed=6.2m  ETA=3.2m
[2019-07-18 pid952997 +  376s]   daily lead 42/42 done
[2019-07-18 pid952997 +  376s] DONE init 2019-07-18: 1920 det / 960 prob / 360 brier rows
>>> PROGRESS 24/35 inits  elapsed=6.3m  ETA=2.9m
[2019-07-04 pid952993 +  382s]   daily lead 42/42 done
[2019-07-04 pid952993 +  382s] DONE init 2019-07-04: 1920 det / 960 prob / 360 brier rows
>>> PROGRESS 25/35 inits  elapsed=6.4m  ETA=2.5m
[2019-07-14 pid952996 +  382s]   daily lead 42/42 done
[2019-07-14 pid952996 +  382s] DONE init 2019-07-14: 1920 det / 960 prob / 360 brier rows
>>> PROGRESS 26/35 inits  elapsed=6.4m  ETA=2.2m
[2019-06-30 pid952992 +  382s]   daily lead 42/42 done
[2019-06-30 pid952992 +  382s] DONE init 2019-06-30: 1920 det / 960 prob / 360 brier rows
>>> PROGRESS 27/35 inits  elapsed=6.4m  ETA=1.9m
[2019-06-06 pid952985 +  383s]   daily lead 42/42 done
[2019-06-06 pid952985 +  383s] DONE init 2019-06-06: 1920 det / 960 prob / 360 brier rows
>>> PROGRESS 28/35 inits  elapsed=6.4m  ETA=1.6m
[2019-06-16 pid952988 +  384s]   daily lead 42/42 done
[2019-06-16 pid952988 +  384s] DONE init 2019-06-16: 1920 det / 960 prob / 360 brier rows
>>> PROGRESS 29/35 inits  elapsed=6.4m  ETA=1.3m
[2019-06-23 pid952990 +  384s]   daily lead 42/42 done
[2019-06-23 pid952990 +  384s] DONE init 2019-06-23: 1920 det / 960 prob / 360 brier rows
>>> PROGRESS 30/35 inits  elapsed=6.4m  ETA=1.1m
[2019-07-11 pid952995 +  385s]   daily lead 42/42 done
[2019-07-11 pid952995 +  385s] DONE init 2019-07-11: 1920 det / 960 prob / 360 brier rows
>>> PROGRESS 31/35 inits  elapsed=6.4m  ETA=0.8m
[2019-06-09 pid952986 +  386s]   daily lead 42/42 done
[2019-06-09 pid952986 +  386s] DONE init 2019-06-09: 1920 det / 960 prob / 360 brier rows
>>> PROGRESS 32/35 inits  elapsed=6.4m  ETA=0.6m
[2019-06-20 pid952989 +  386s]   daily lead 42/42 done
[2019-06-20 pid952989 +  386s] DONE init 2019-06-20: 1920 det / 960 prob / 360 brier rows
>>> PROGRESS 33/35 inits  elapsed=6.4m  ETA=0.4m
[2019-06-27 pid952991 +  386s]   daily lead 42/42 done
[2019-06-27 pid952991 +  386s] DONE init 2019-06-27: 1920 det / 960 prob / 360 brier rows
>>> PROGRESS 34/35 inits  elapsed=6.4m  ETA=0.2m
[2019-06-13 pid952987 +  387s]   daily lead 42/42 done
[2019-06-13 pid952987 +  387s] DONE init 2019-06-13: 1920 det / 960 prob / 360 brier rows
>>> PROGRESS 35/35 inits  elapsed=6.5m  ETA=0.0m
WROTE skill_deterministic.csv (67200 rows)
WROTE skill_probabilistic.csv (33600 rows)
WROTE skill_brier.csv (12600 rows)
WROTE reliability.npz (12 event-model curves)
WROTE RUN_METADATA.txt

=== HEADLINE (weekly, All India) ===

TP  PCC by week:
  FuXi          0.62   0.32   0.17   0.15   0.11   0.11
  ECMWF         0.35   0.21   0.15   0.11   0.08   0.11
  MME           0.54   0.33   0.18   0.13   0.11   0.12
  Persistence   0.04  -0.00  -0.04   0.07   0.06   0.04
TP  CRPSS-vs-clim by week:
  FuXi          0.19   0.05  -0.01   0.01   0.04   0.07
  ECMWF         0.08   0.05   0.05   0.06   0.07   0.12

Z500  PCC by week:
  FuXi          0.83   0.50   0.26   0.22   0.09   0.18
  ECMWF         0.72   0.57   0.31   0.28   0.09   0.16
  MME           0.83   0.63   0.31   0.25   0.08   0.26
  Persistence   0.24   0.09   0.08   0.16   0.15  -0.01
Z500  CRPSS-vs-clim by week:
  FuXi          0.17  -0.12  -0.15  -0.08  -0.10  -0.01
  ECMWF         0.19  -0.04  -0.08  -0.06  -0.12  -0.15

VERIFY_DONE
end: Wed 17 Jun 2026 02:28:21 PM IST
