2026-06-22 10:30:25,536 [INFO] =================================================================
2026-06-22 10:30:25,536 [INFO] ERA5 Download for FuXi-S2S (inputs + ground truth)
2026-06-22 10:30:25,537 [INFO]   FuXi input dir  : /storage/raj.ayush/All_Model_Data/fuxi/jfm2026/inputs
2026-06-22 10:30:25,537 [INFO]   Ground truth dir: /storage/raj.ayush/All_Model_Data/fuxi/jfm2026/ground_truth
2026-06-22 10:30:25,537 [INFO]   FuXi dates      : 90 total, 13 done, 77 pending
2026-06-22 10:30:25,537 [INFO]   GT dates        : 136 total, 0 done, 136 pending
2026-06-22 10:30:25,537 [INFO] =================================================================
2026-06-22 10:30:25,537 [INFO] FuXi inputs missing:
2026-06-22 10:30:25,537 [INFO]   20260102
2026-06-22 10:30:25,538 [INFO]   20260103
2026-06-22 10:30:25,538 [INFO]   20260104
2026-06-22 10:30:25,538 [INFO]   20260105
2026-06-22 10:30:25,538 [INFO]   20260106
2026-06-22 10:30:25,538 [INFO]   20260107
2026-06-22 10:30:25,538 [INFO]   20260109
2026-06-22 10:30:25,538 [INFO]   20260110
2026-06-22 10:30:25,538 [INFO]   20260111
2026-06-22 10:30:25,539 [INFO]   20260112
2026-06-22 10:30:25,539 [INFO]   20260113
2026-06-22 10:30:25,539 [INFO]   20260114
2026-06-22 10:30:25,539 [INFO]   20260116
2026-06-22 10:30:25,539 [INFO]   20260117
2026-06-22 10:30:25,539 [INFO]   20260118
2026-06-22 10:30:25,539 [INFO]   20260119
2026-06-22 10:30:25,539 [INFO]   20260120
2026-06-22 10:30:25,539 [INFO]   20260121
2026-06-22 10:30:25,540 [INFO]   20260123
2026-06-22 10:30:25,540 [INFO]   20260124
2026-06-22 10:30:25,540 [INFO]   20260125
2026-06-22 10:30:25,540 [INFO]   20260126
2026-06-22 10:30:25,540 [INFO]   20260127
2026-06-22 10:30:25,540 [INFO]   20260128
2026-06-22 10:30:25,540 [INFO]   20260130
2026-06-22 10:30:25,540 [INFO]   20260131
2026-06-22 10:30:25,540 [INFO]   20260201
2026-06-22 10:30:25,541 [INFO]   20260202
2026-06-22 10:30:25,541 [INFO]   20260203
2026-06-22 10:30:25,541 [INFO]   20260204
2026-06-22 10:30:25,541 [INFO]   20260206
2026-06-22 10:30:25,541 [INFO]   20260207
2026-06-22 10:30:25,541 [INFO]   20260208
2026-06-22 10:30:25,541 [INFO]   20260209
2026-06-22 10:30:25,541 [INFO]   20260210
2026-06-22 10:30:25,541 [INFO]   20260211
2026-06-22 10:30:25,541 [INFO]   20260213
2026-06-22 10:30:25,542 [INFO]   20260214
2026-06-22 10:30:25,542 [INFO]   20260215
2026-06-22 10:30:25,542 [INFO]   20260216
2026-06-22 10:30:25,542 [INFO]   20260217
2026-06-22 10:30:25,542 [INFO]   20260218
2026-06-22 10:30:25,542 [INFO]   20260220
2026-06-22 10:30:25,542 [INFO]   20260221
2026-06-22 10:30:25,542 [INFO]   20260222
2026-06-22 10:30:25,542 [INFO]   20260223
2026-06-22 10:30:25,543 [INFO]   20260224
2026-06-22 10:30:25,543 [INFO]   20260225
2026-06-22 10:30:25,543 [INFO]   20260227
2026-06-22 10:30:25,543 [INFO]   20260228
2026-06-22 10:30:25,543 [INFO]   20260301
2026-06-22 10:30:25,543 [INFO]   20260302
2026-06-22 10:30:25,543 [INFO]   20260303
2026-06-22 10:30:25,543 [INFO]   20260304
2026-06-22 10:30:25,543 [INFO]   20260306
2026-06-22 10:30:25,543 [INFO]   20260307
2026-06-22 10:30:25,544 [INFO]   20260308
2026-06-22 10:30:25,544 [INFO]   20260309
2026-06-22 10:30:25,544 [INFO]   20260310
2026-06-22 10:30:25,544 [INFO]   20260311
2026-06-22 10:30:25,544 [INFO]   20260313
2026-06-22 10:30:25,544 [INFO]   20260314
2026-06-22 10:30:25,544 [INFO]   20260315
2026-06-22 10:30:25,544 [INFO]   20260316
2026-06-22 10:30:25,544 [INFO]   20260317
2026-06-22 10:30:25,545 [INFO]   20260318
2026-06-22 10:30:25,545 [INFO]   20260320
2026-06-22 10:30:25,545 [INFO]   20260321
2026-06-22 10:30:25,545 [INFO]   20260322
2026-06-22 10:30:25,545 [INFO]   20260323
2026-06-22 10:30:25,545 [INFO]   20260324
2026-06-22 10:30:25,545 [INFO]   20260325
2026-06-22 10:30:25,545 [INFO]   20260327
2026-06-22 10:30:25,545 [INFO]   20260328
2026-06-22 10:30:25,546 [INFO]   20260329
2026-06-22 10:30:25,546 [INFO]   20260330
2026-06-22 10:30:25,546 [INFO]   20260331
2026-06-22 10:30:25,546 [INFO] Ground truth missing:
2026-06-22 10:30:25,546 [INFO]   20260101
2026-06-22 10:30:25,546 [INFO]   20260102
2026-06-22 10:30:25,546 [INFO]   20260103
2026-06-22 10:30:25,546 [INFO]   20260104
2026-06-22 10:30:25,546 [INFO]   20260105
2026-06-22 10:30:25,546 [INFO]   20260106
2026-06-22 10:30:25,546 [INFO]   20260107
2026-06-22 10:30:25,547 [INFO]   20260108
2026-06-22 10:30:25,547 [INFO]   20260109
2026-06-22 10:30:25,547 [INFO]   20260110
2026-06-22 10:30:25,547 [INFO]   ... and 126 more
