2026-06-22 10:31:25,449 [INFO] ============================================================
2026-06-22 10:31:25,450 [INFO] ERA5 Ground Truth Download — JFM 2026
2026-06-22 10:31:25,450 [INFO]   Output dir : /storage/raj.ayush/All_Model_Data/fuxi/jfm2026/ground_truth
2026-06-22 10:31:25,450 [INFO]   Period     : 2026-01-01 → 2026-05-16  (136 days)
2026-06-22 10:31:25,450 [INFO]   Done       : 0
2026-06-22 10:31:25,450 [INFO]   Pending    : 136
2026-06-22 10:31:25,450 [INFO]   Variables  : z500 (gpm), t2m (K), tp (mm), msl (Pa)
2026-06-22 10:31:25,450 [INFO]   Domain     : India 0-40N 60-100E @ 0.25°
2026-06-22 10:31:25,451 [INFO] ============================================================
2026-06-22 10:31:31,335 [INFO] START 20260101
2026-06-22 10:31:31,511 [WARNING]   attempt 1 failed: 404 Client Error: Not Found for url: https://ecds.ecmwf.int/api/retrieve/v1/processes/reanalysis-era5-single-levels
process not found
dataset reanalysis-era5-single-levels not found
2026-06-22 10:31:31,511 [INFO]   waiting 60s...
2026-06-22 10:32:37,318 [WARNING]   attempt 2 failed: 404 Client Error: Not Found for url: https://ecds.ecmwf.int/api/retrieve/v1/processes/reanalysis-era5-single-levels
process not found
dataset reanalysis-era5-single-levels not found
2026-06-22 10:32:37,319 [INFO]   waiting 120s...
2026-06-22 10:34:43,027 [WARNING]   attempt 3 failed: 404 Client Error: Not Found for url: https://ecds.ecmwf.int/api/retrieve/v1/processes/reanalysis-era5-single-levels
process not found
dataset reanalysis-era5-single-levels not found
2026-06-22 10:34:43,028 [INFO]   waiting 300s...
2026-06-22 10:39:48,847 [WARNING]   attempt 4 failed: 404 Client Error: Not Found for url: https://ecds.ecmwf.int/api/retrieve/v1/processes/reanalysis-era5-single-levels
process not found
dataset reanalysis-era5-single-levels not found
2026-06-22 10:39:48,848 [INFO]   waiting 600s...
2026-06-22 10:49:54,608 [WARNING]   attempt 5 failed: 404 Client Error: Not Found for url: https://ecds.ecmwf.int/api/retrieve/v1/processes/reanalysis-era5-single-levels
process not found
dataset reanalysis-era5-single-levels not found
2026-06-22 10:49:54,608 [ERROR] FAIL 20260101 after 5 attempts
2026-06-22 10:49:54,609 [INFO] Progress 1/136  failed=1
2026-06-22 10:49:54,611 [INFO] START 20260102
2026-06-22 10:49:54,783 [WARNING]   attempt 1 failed: 404 Client Error: Not Found for url: https://ecds.ecmwf.int/api/retrieve/v1/processes/reanalysis-era5-single-levels
process not found
dataset reanalysis-era5-single-levels not found
2026-06-22 10:49:54,783 [INFO]   waiting 60s...
2026-06-22 10:51:00,683 [WARNING]   attempt 2 failed: 404 Client Error: Not Found for url: https://ecds.ecmwf.int/api/retrieve/v1/processes/reanalysis-era5-single-levels
process not found
dataset reanalysis-era5-single-levels not found
2026-06-22 10:51:00,683 [INFO]   waiting 120s...
2026-06-22 10:53:06,211 [WARNING]   attempt 3 failed: 404 Client Error: Not Found for url: https://ecds.ecmwf.int/api/retrieve/v1/processes/reanalysis-era5-single-levels
process not found
dataset reanalysis-era5-single-levels not found
2026-06-22 10:53:06,211 [INFO]   waiting 300s...
2026-06-22 10:58:11,941 [WARNING]   attempt 4 failed: 404 Client Error: Not Found for url: https://ecds.ecmwf.int/api/retrieve/v1/processes/reanalysis-era5-single-levels
process not found
dataset reanalysis-era5-single-levels not found
2026-06-22 10:58:11,941 [INFO]   waiting 600s...
2026-06-22 11:08:17,479 [WARNING]   attempt 5 failed: 404 Client Error: Not Found for url: https://ecds.ecmwf.int/api/retrieve/v1/processes/reanalysis-era5-single-levels
process not found
dataset reanalysis-era5-single-levels not found
2026-06-22 11:08:17,480 [ERROR] FAIL 20260102 after 5 attempts
2026-06-22 11:08:17,480 [INFO] Progress 2/136  failed=2
2026-06-22 11:08:17,487 [INFO] START 20260103
2026-06-22 11:08:17,657 [WARNING]   attempt 1 failed: 404 Client Error: Not Found for url: https://ecds.ecmwf.int/api/retrieve/v1/processes/reanalysis-era5-single-levels
process not found
dataset reanalysis-era5-single-levels not found
2026-06-22 11:08:17,658 [INFO]   waiting 60s...
2026-06-22 11:09:23,887 [WARNING]   attempt 2 failed: 404 Client Error: Not Found for url: https://ecds.ecmwf.int/api/retrieve/v1/processes/reanalysis-era5-single-levels
process not found
dataset reanalysis-era5-single-levels not found
2026-06-22 11:09:23,887 [INFO]   waiting 120s...
2026-06-22 11:11:29,406 [WARNING]   attempt 3 failed: 404 Client Error: Not Found for url: https://ecds.ecmwf.int/api/retrieve/v1/processes/reanalysis-era5-single-levels
process not found
dataset reanalysis-era5-single-levels not found
2026-06-22 11:11:29,406 [INFO]   waiting 300s...
2026-06-22 11:16:34,983 [WARNING]   attempt 4 failed: 404 Client Error: Not Found for url: https://ecds.ecmwf.int/api/retrieve/v1/processes/reanalysis-era5-single-levels
process not found
dataset reanalysis-era5-single-levels not found
2026-06-22 11:16:34,983 [INFO]   waiting 600s...
2026-06-22 11:26:40,941 [WARNING]   attempt 5 failed: 404 Client Error: Not Found for url: https://ecds.ecmwf.int/api/retrieve/v1/processes/reanalysis-era5-single-levels
process not found
dataset reanalysis-era5-single-levels not found
2026-06-22 11:26:40,941 [ERROR] FAIL 20260103 after 5 attempts
2026-06-22 11:26:40,941 [INFO] Progress 3/136  failed=3
2026-06-22 11:26:40,952 [INFO] START 20260104
2026-06-22 11:26:41,359 [WARNING]   attempt 1 failed: 404 Client Error: Not Found for url: https://ecds.ecmwf.int/api/retrieve/v1/processes/reanalysis-era5-single-levels
process not found
dataset reanalysis-era5-single-levels not found
2026-06-22 11:26:41,359 [INFO]   waiting 60s...
2026-06-22 11:27:46,888 [WARNING]   attempt 2 failed: 404 Client Error: Not Found for url: https://ecds.ecmwf.int/api/retrieve/v1/processes/reanalysis-era5-single-levels
process not found
dataset reanalysis-era5-single-levels not found
2026-06-22 11:27:46,888 [INFO]   waiting 120s...
2026-06-22 11:29:52,794 [WARNING]   attempt 3 failed: 404 Client Error: Not Found for url: https://ecds.ecmwf.int/api/retrieve/v1/processes/reanalysis-era5-single-levels
process not found
dataset reanalysis-era5-single-levels not found
2026-06-22 11:29:52,795 [INFO]   waiting 300s...
2026-06-22 11:34:58,704 [WARNING]   attempt 4 failed: 404 Client Error: Not Found for url: https://ecds.ecmwf.int/api/retrieve/v1/processes/reanalysis-era5-single-levels
process not found
dataset reanalysis-era5-single-levels not found
2026-06-22 11:34:58,704 [INFO]   waiting 600s...
2026-06-22 11:45:04,719 [WARNING]   attempt 5 failed: 404 Client Error: Not Found for url: https://ecds.ecmwf.int/api/retrieve/v1/processes/reanalysis-era5-single-levels
process not found
dataset reanalysis-era5-single-levels not found
2026-06-22 11:45:04,720 [ERROR] FAIL 20260104 after 5 attempts
2026-06-22 11:45:04,720 [INFO] Progress 4/136  failed=4
2026-06-22 11:45:04,724 [INFO] START 20260105
2026-06-22 11:45:04,899 [WARNING]   attempt 1 failed: 404 Client Error: Not Found for url: https://ecds.ecmwf.int/api/retrieve/v1/processes/reanalysis-era5-single-levels
process not found
dataset reanalysis-era5-single-levels not found
2026-06-22 11:45:04,899 [INFO]   waiting 60s...
2026-06-22 11:46:10,821 [WARNING]   attempt 2 failed: 404 Client Error: Not Found for url: https://ecds.ecmwf.int/api/retrieve/v1/processes/reanalysis-era5-single-levels
process not found
dataset reanalysis-era5-single-levels not found
2026-06-22 11:46:10,821 [INFO]   waiting 120s...
2026-06-22 11:48:16,324 [WARNING]   attempt 3 failed: 404 Client Error: Not Found for url: https://ecds.ecmwf.int/api/retrieve/v1/processes/reanalysis-era5-single-levels
process not found
dataset reanalysis-era5-single-levels not found
2026-06-22 11:48:16,324 [INFO]   waiting 300s...
2026-06-22 11:53:22,271 [WARNING]   attempt 4 failed: 404 Client Error: Not Found for url: https://ecds.ecmwf.int/api/retrieve/v1/processes/reanalysis-era5-single-levels
process not found
dataset reanalysis-era5-single-levels not found
2026-06-22 11:53:22,272 [INFO]   waiting 600s...
2026-06-22 12:03:28,266 [WARNING]   attempt 5 failed: 404 Client Error: Not Found for url: https://ecds.ecmwf.int/api/retrieve/v1/processes/reanalysis-era5-single-levels
process not found
dataset reanalysis-era5-single-levels not found
2026-06-22 12:03:28,266 [ERROR] FAIL 20260105 after 5 attempts
2026-06-22 12:03:28,267 [INFO] Progress 5/136  failed=5
2026-06-22 12:03:28,268 [INFO] START 20260106
2026-06-22 12:03:28,462 [WARNING]   attempt 1 failed: 404 Client Error: Not Found for url: https://ecds.ecmwf.int/api/retrieve/v1/processes/reanalysis-era5-single-levels
process not found
dataset reanalysis-era5-single-levels not found
2026-06-22 12:03:28,462 [INFO]   waiting 60s...
2026-06-22 12:04:34,362 [WARNING]   attempt 2 failed: 404 Client Error: Not Found for url: https://ecds.ecmwf.int/api/retrieve/v1/processes/reanalysis-era5-single-levels
process not found
dataset reanalysis-era5-single-levels not found
2026-06-22 12:04:34,362 [INFO]   waiting 120s...
2026-06-22 12:06:40,153 [WARNING]   attempt 3 failed: 404 Client Error: Not Found for url: https://ecds.ecmwf.int/api/retrieve/v1/processes/reanalysis-era5-single-levels
process not found
dataset reanalysis-era5-single-levels not found
2026-06-22 12:06:40,154 [INFO]   waiting 300s...
2026-06-22 12:11:46,051 [WARNING]   attempt 4 failed: 404 Client Error: Not Found for url: https://ecds.ecmwf.int/api/retrieve/v1/processes/reanalysis-era5-single-levels
process not found
dataset reanalysis-era5-single-levels not found
2026-06-22 12:11:46,051 [INFO]   waiting 600s...
2026-06-22 12:21:51,847 [WARNING]   attempt 5 failed: 404 Client Error: Not Found for url: https://ecds.ecmwf.int/api/retrieve/v1/processes/reanalysis-era5-single-levels
process not found
dataset reanalysis-era5-single-levels not found
2026-06-22 12:21:51,848 [ERROR] FAIL 20260106 after 5 attempts
2026-06-22 12:21:51,848 [INFO] Progress 6/136  failed=6
2026-06-22 12:21:51,850 [INFO] START 20260107
2026-06-22 12:21:52,025 [WARNING]   attempt 1 failed: 404 Client Error: Not Found for url: https://ecds.ecmwf.int/api/retrieve/v1/processes/reanalysis-era5-single-levels
process not found
dataset reanalysis-era5-single-levels not found
2026-06-22 12:21:52,025 [INFO]   waiting 60s...
2026-06-22 12:22:58,205 [WARNING]   attempt 2 failed: 404 Client Error: Not Found for url: https://ecds.ecmwf.int/api/retrieve/v1/processes/reanalysis-era5-single-levels
process not found
dataset reanalysis-era5-single-levels not found
2026-06-22 12:22:58,205 [INFO]   waiting 120s...
2026-06-22 12:25:04,665 [WARNING]   attempt 3 failed: 404 Client Error: Not Found for url: https://ecds.ecmwf.int/api/retrieve/v1/processes/reanalysis-era5-single-levels
process not found
dataset reanalysis-era5-single-levels not found
2026-06-22 12:25:04,666 [INFO]   waiting 300s...
