2026-06-22 10:58:21,534 [INFO] =================================================================
2026-06-22 10:58:21,534 [INFO] FuXi-S2S ERA5 Input Download via CDS (JFM 2026)
2026-06-22 10:58:21,534 [INFO]   Output dir : /storage/raj.ayush/All_Model_Data/fuxi/jfm2026/inputs
2026-06-22 10:58:21,534 [INFO]   Dates      : 1  (2026-01-02 → 2026-01-02)
2026-06-22 10:58:21,534 [INFO]   Done       : 0
2026-06-22 10:58:21,534 [INFO]   Pending    : 1
2026-06-22 10:58:21,534 [INFO]   Grid       : Global 1.5°  (121×240, matches FuXi input)
2026-06-22 10:58:21,534 [INFO]   PL vars    : ['geopotential', 'temperature', 'u_component_of_wind', 'v_component_of_wind', 'specific_humidity']
2026-06-22 10:58:21,534 [INFO]   SFC vars   : 11 variables
2026-06-22 10:58:21,534 [INFO] =================================================================
2026-06-22 10:58:22,491 [INFO] START 20260102  (ERA5: 2026-01-01 + 2026-01-02)
2026-06-22 10:59:15,758 [INFO] Downloading https://object-store.os-api.cci2.ecmwf.int:443/cci2-prod-cache-2/2026-06-22/fb6d27c8d94714660cdfbacf91282e1a.nc
2026-06-22 11:00:10,902 [INFO] Downloading https://object-store.os-api.cci2.ecmwf.int:443/cci2-prod-cache-2/2026-06-22/b607cedb1dd719578a9a200a5cb4a9.zip
2026-06-22 11:00:14,194 [ERROR] FAIL  20260102: did not find a match in any of xarray's currently installed IO backends ['netcdf4', 'h5netcdf', 'scipy', 'cfgrib', 'zarr']. Consider explicitly selecting one of the installed engines via the ``engine`` parameter, or installing additional IO dependencies, see:
https://docs.xarray.dev/en/stable/getting-started-guide/installing.html
https://docs.xarray.dev/en/stable/user-guide/io.html
2026-06-22 11:00:14,196 [INFO] Progress 1/1  failed=1
2026-06-22 11:00:14,196 [INFO] =================================================================
2026-06-22 11:00:14,196 [INFO] Done. Success: 0  Failed: 1
2026-06-22 11:00:14,196 [INFO]   FAILED: 20260102
2026-06-22 11:00:14,197 [INFO] =================================================================
